Archive member included because of file (symbol)

c:/altera/13.0sp1/nios2eds/bin/gnu/h-i686-mingw32/bin/../lib/gcc/nios2-elf/4.1.2/../../../../nios2-elf/lib/mno-hw-mul\libc.a(lib_a-puts.o)
                              obj/default/hello_world.o (puts)
c:/altera/13.0sp1/nios2eds/bin/gnu/h-i686-mingw32/bin/../lib/gcc/nios2-elf/4.1.2/../../../../nios2-elf/lib/mno-hw-mul\libc.a(lib_a-strlen.o)
                              c:/altera/13.0sp1/nios2eds/bin/gnu/h-i686-mingw32/bin/../lib/gcc/nios2-elf/4.1.2/../../../../nios2-elf/lib/mno-hw-mul\libc.a(lib_a-puts.o) (strlen)
c:/altera/13.0sp1/nios2eds/bin/gnu/h-i686-mingw32/bin/../lib/gcc/nios2-elf/4.1.2/../../../../nios2-elf/lib/mno-hw-mul\libc.a(lib_a-fvwrite.o)
                              c:/altera/13.0sp1/nios2eds/bin/gnu/h-i686-mingw32/bin/../lib/gcc/nios2-elf/4.1.2/../../../../nios2-elf/lib/mno-hw-mul\libc.a(lib_a-puts.o) (__sfvwrite_r)
c:/altera/13.0sp1/nios2eds/bin/gnu/h-i686-mingw32/bin/../lib/gcc/nios2-elf/4.1.2/../../../../nios2-elf/lib/mno-hw-mul\libc.a(lib_a-impure.o)
                              c:/altera/13.0sp1/nios2eds/bin/gnu/h-i686-mingw32/bin/../lib/gcc/nios2-elf/4.1.2/../../../../nios2-elf/lib/mno-hw-mul\libc.a(lib_a-puts.o) (_impure_ptr)
c:/altera/13.0sp1/nios2eds/bin/gnu/h-i686-mingw32/bin/../lib/gcc/nios2-elf/4.1.2/../../../../nios2-elf/lib/mno-hw-mul\libc.a(lib_a-mallocr.o)
                              c:/altera/13.0sp1/nios2eds/bin/gnu/h-i686-mingw32/bin/../lib/gcc/nios2-elf/4.1.2/../../../../nios2-elf/lib/mno-hw-mul\libc.a(lib_a-fvwrite.o) (_malloc_r)
c:/altera/13.0sp1/nios2eds/bin/gnu/h-i686-mingw32/bin/../lib/gcc/nios2-elf/4.1.2/../../../../nios2-elf/lib/mno-hw-mul\libc.a(lib_a-memchr.o)
                              c:/altera/13.0sp1/nios2eds/bin/gnu/h-i686-mingw32/bin/../lib/gcc/nios2-elf/4.1.2/../../../../nios2-elf/lib/mno-hw-mul\libc.a(lib_a-fvwrite.o) (memchr)
c:/altera/13.0sp1/nios2eds/bin/gnu/h-i686-mingw32/bin/../lib/gcc/nios2-elf/4.1.2/../../../../nios2-elf/lib/mno-hw-mul\libc.a(lib_a-memcpy.o)
                              c:/altera/13.0sp1/nios2eds/bin/gnu/h-i686-mingw32/bin/../lib/gcc/nios2-elf/4.1.2/../../../../nios2-elf/lib/mno-hw-mul\libc.a(lib_a-fvwrite.o) (memcpy)
c:/altera/13.0sp1/nios2eds/bin/gnu/h-i686-mingw32/bin/../lib/gcc/nios2-elf/4.1.2/../../../../nios2-elf/lib/mno-hw-mul\libc.a(lib_a-memmove.o)
                              c:/altera/13.0sp1/nios2eds/bin/gnu/h-i686-mingw32/bin/../lib/gcc/nios2-elf/4.1.2/../../../../nios2-elf/lib/mno-hw-mul\libc.a(lib_a-fvwrite.o) (memmove)
c:/altera/13.0sp1/nios2eds/bin/gnu/h-i686-mingw32/bin/../lib/gcc/nios2-elf/4.1.2/../../../../nios2-elf/lib/mno-hw-mul\libc.a(lib_a-reallocr.o)
                              c:/altera/13.0sp1/nios2eds/bin/gnu/h-i686-mingw32/bin/../lib/gcc/nios2-elf/4.1.2/../../../../nios2-elf/lib/mno-hw-mul\libc.a(lib_a-fvwrite.o) (_realloc_r)
c:/altera/13.0sp1/nios2eds/bin/gnu/h-i686-mingw32/bin/../lib/gcc/nios2-elf/4.1.2/../../../../nios2-elf/lib/mno-hw-mul\libc.a(lib_a-sbrkr.o)
                              c:/altera/13.0sp1/nios2eds/bin/gnu/h-i686-mingw32/bin/../lib/gcc/nios2-elf/4.1.2/../../../../nios2-elf/lib/mno-hw-mul\libc.a(lib_a-mallocr.o) (_sbrk_r)
c:/altera/13.0sp1/nios2eds/bin/gnu/h-i686-mingw32/bin/../lib/gcc/nios2-elf/4.1.2/../../../../nios2-elf/lib/mno-hw-mul\libc.a(lib_a-wsetup.o)
                              c:/altera/13.0sp1/nios2eds/bin/gnu/h-i686-mingw32/bin/../lib/gcc/nios2-elf/4.1.2/../../../../nios2-elf/lib/mno-hw-mul\libc.a(lib_a-fvwrite.o) (__swsetup_r)
c:/altera/13.0sp1/nios2eds/bin/gnu/h-i686-mingw32/bin/../lib/gcc/nios2-elf/4.1.2/../../../../nios2-elf/lib/mno-hw-mul\libc.a(lib_a-fflush.o)
                              c:/altera/13.0sp1/nios2eds/bin/gnu/h-i686-mingw32/bin/../lib/gcc/nios2-elf/4.1.2/../../../../nios2-elf/lib/mno-hw-mul\libc.a(lib_a-fvwrite.o) (_fflush_r)
c:/altera/13.0sp1/nios2eds/bin/gnu/h-i686-mingw32/bin/../lib/gcc/nios2-elf/4.1.2/../../../../nios2-elf/lib/mno-hw-mul\libc.a(lib_a-findfp.o)
                              c:/altera/13.0sp1/nios2eds/bin/gnu/h-i686-mingw32/bin/../lib/gcc/nios2-elf/4.1.2/../../../../nios2-elf/lib/mno-hw-mul\libc.a(lib_a-wsetup.o) (__sinit)
c:/altera/13.0sp1/nios2eds/bin/gnu/h-i686-mingw32/bin/../lib/gcc/nios2-elf/4.1.2/../../../../nios2-elf/lib/mno-hw-mul\libc.a(lib_a-freer.o)
                              c:/altera/13.0sp1/nios2eds/bin/gnu/h-i686-mingw32/bin/../lib/gcc/nios2-elf/4.1.2/../../../../nios2-elf/lib/mno-hw-mul\libc.a(lib_a-fvwrite.o) (_free_r)
c:/altera/13.0sp1/nios2eds/bin/gnu/h-i686-mingw32/bin/../lib/gcc/nios2-elf/4.1.2/../../../../nios2-elf/lib/mno-hw-mul\libc.a(lib_a-fwalk.o)
                              c:/altera/13.0sp1/nios2eds/bin/gnu/h-i686-mingw32/bin/../lib/gcc/nios2-elf/4.1.2/../../../../nios2-elf/lib/mno-hw-mul\libc.a(lib_a-fflush.o) (_fwalk_reent)
c:/altera/13.0sp1/nios2eds/bin/gnu/h-i686-mingw32/bin/../lib/gcc/nios2-elf/4.1.2/../../../../nios2-elf/lib/mno-hw-mul\libc.a(lib_a-int_errno.o)
[...]
Memory Configuration

Name             Origin             Length             Attributes
reset            0x02800000         0x00000020
sdram_ctrl       0x02800020         0x007fffe0
*default*        0x00000000         0xffffffff

Linker script and memory map

LOAD ../ss_bsp//obj/HAL/src/crt0.o
LOAD obj/default/hello_world.o
LOAD c:/altera/13.0sp1/nios2eds/bin/gnu/h-i686-mingw32/bin/../lib/gcc/nios2-elf/4.1.2/../../../../nios2-elf/lib/mno-hw-mul\libstdc++.a
LOAD c:/altera/13.0sp1/nios2eds/bin/gnu/h-i686-mingw32/bin/../lib/gcc/nios2-elf/4.1.2/../../../../nios2-elf/lib/mno-hw-mul\libm.a
LOAD c:/altera/13.0sp1/nios2eds/bin/gnu/h-i686-mingw32/bin/../lib/gcc/nios2-elf/4.1.2/mno-hw-mul\libgcc.a
START GROUP
LOAD c:/altera/13.0sp1/nios2eds/bin/gnu/h-i686-mingw32/bin/../lib/gcc/nios2-elf/4.1.2/../../../../nios2-elf/lib/mno-hw-mul\libc.a
LOAD c:/altera/13.0sp1/nios2eds/bin/gnu/h-i686-mingw32/bin/../lib/gcc/nios2-elf/4.1.2/mno-hw-mul\libgcc.a
LOAD ../ss_bsp/\libhal_bsp.a
END GROUP
LOAD c:/altera/13.0sp1/nios2eds/bin/gnu/h-i686-mingw32/bin/../lib/gcc/nios2-elf/4.1.2/mno-hw-mul\libgcc.a
                0x02800000                __alt_mem_sdram_ctrl = 0x2800000

.entry          0x02800000       0x20
 *(.entry)
 .entry         0x02800000       0x20 ../ss_bsp//obj/HAL/src/crt0.o
                0x02800000                __reset

.exceptions     0x02800020      0x194
                0x02800020                PROVIDE (__ram_exceptions_start, ABSOLUTE (.))
                0x02800020                . = ALIGN (0x20)
 *(.irq)
 *(.exceptions.entry.label)
 .exceptions.entry.label
                0x02800020        0x0 ../ss_bsp/\libhal_bsp.a(alt_irq_entry.o)
                0x02800020                alt_irq_entry
 .exceptions.entry.label
                0x02800020        0x0 ../ss_bsp/\libhal_bsp.a(alt_exception_entry.o)
                0x02800020                alt_exception
 *(.exceptions.entry.user)
 *(.exceptions.entry)
 .exceptions.entry
                0x02800020       0x54 ../ss_bsp/\libhal_bsp.a(alt_exception_entry.o)
 *(.exceptions.irqtest.user)
 *(.exceptions.irqtest)
 .exceptions.irqtest
                0x02800074       0x10 ../ss_bsp/\libhal_bsp.a(alt_irq_entry.o)
 *(.exceptions.irqhandler.user)
 *(.exceptions.irqhandler)
 .exceptions.irqhandler
                0x02800084        0x4 ../ss_bsp/\libhal_bsp.a(alt_irq_entry.o)
 *(.exceptions.irqreturn.user)
 *(.exceptions.irqreturn)
 .exceptions.irqreturn
                0x02800088        0x4 ../ss_bsp/\libhal_bsp.a(alt_irq_entry.o)
 *(.exceptions.notirq.label)
 .exceptions.notirq.label
                0x0280008c        0x0 ../ss_bsp/\libhal_bsp.a(alt_irq_entry.o)
 *(.exceptions.notirq.user)
 *(.exceptions.notirq)
 .exceptions.notirq
                0x0280008c        0x8 ../ss_bsp/\libhal_bsp.a(alt_exception_entry.o)
 *(.exceptions.soft.user)
 *(.exceptions.soft)
 *(.exceptions.unknown.user)
 *(.exceptions.unknown)
 .exceptions.unknown
                0x02800094        0x4 ../ss_bsp/\libhal_bsp.a(alt_exception_entry.o)
 *(.exceptions.exit.label)
 .exceptions.exit.label
                0x02800098        0x0 ../ss_bsp/\libhal_bsp.a(alt_irq_entry.o)
 .exceptions.exit.label
                0x02800098        0x0 ../ss_bsp/\libhal_bsp.a(alt_exception_entry.o)
 *(.exceptions.exit.user)
 *(.exceptions.exit)
 .exceptions.exit
                0x02800098       0x54 ../ss_bsp/\libhal_bsp.a(alt_exception_entry.o)
 *(.exceptions)
 .exceptions    0x028000ec       0xc8 ../ss_bsp/\libhal_bsp.a(alt_irq_handler.o)
                0x028000ec                alt_irq_handler
                0x028001b4                PROVIDE (__ram_exceptions_end, ABSOLUTE (.))
                0x02800020                PROVIDE (__flash_exceptions_start, LOADADDR (.exceptions))

.text           0x028001b4     0x63b4
                0x028001b4                PROVIDE (stext, ABSOLUTE (.))
 *(.interp)
 *(.hash)
 *(.dynsym)
 *(.dynstr)
 *(.gnu.version)
 *(.gnu.version_d)
 *(.gnu.version_r)
 *(.rel.init)
 *(.rela.init)
 *(.rel.text .rel.text.* .rel.gnu.linkonce.t.*)
 *(.rela.text .rela.text.* .rela.gnu.linkonce.t.*)
 *(.rel.fini)
 *(.rela.fini)
 *(.rel.rodata .rel.rodata.* .rel.gnu.linkonce.r.*)
 *(.rela.rodata .rela.rodata.* .rela.gnu.linkonce.r.*)
 *(.rel.data .rel.data.* .rel.gnu.linkonce.d.*)
 *(.rela.data .rela.data.* .rela.gnu.linkonce.d.*)
 *(.rel.tdata .rel.tdata.* .rel.gnu.linkonce.td.*)
 *(.rela.tdata .rela.tdata.* .rela.gnu.linkonce.td.*)
 *(.rel.tbss .rel.tbss.* .rel.gnu.linkonce.tb.*)
 *(.rela.tbss .rela.tbss.* .rela.gnu.linkonce.tb.*)
 *(.rel.ctors)
 *(.rela.ctors)
 *(.rel.dtors)
 *(.rela.dtors)
 *(.rel.got)
 *(.rela.got)
 *(.rel.sdata .rel.sdata.* .rel.gnu.linkonce.s.*)
 *(.rela.sdata .rela.sdata.* .rela.gnu.linkonce.s.*)
 *(.rel.sbss .rel.sbss.* .rel.gnu.linkonce.sb.*)
 *(.rela.sbss .rela.sbss.* .rela.gnu.linkonce.sb.*)
 *(.rel.sdata2 .rel.sdata2.* .rel.gnu.linkonce.s2.*)
 *(.rela.sdata2 .rela.sdata2.* .rela.gnu.linkonce.s2.*)
 *(.rel.sbss2 .rel.sbss2.* .rel.gnu.linkonce.sb2.*)
 *(.rela.sbss2 .rela.sbss2.* .rela.gnu.linkonce.sb2.*)
 *(.rel.bss .rel.bss.* .rel.gnu.linkonce.b.*)
 *(.rela.bss .rela.bss.* .rela.gnu.linkonce.b.*)
 *(.rel.plt)
 *(.rela.plt)
 *(.rel.dyn)
 *(.init)
 *(.plt)
 *(.text .stub .text.* .gnu.linkonce.t.*)
 .text          0x028001b4       0x3c ../ss_bsp//obj/HAL/src/crt0.o
                0x028001b4                _start
 .text          0x028001f0      0x26c obj/default/hello_world.o
                0x028001f0                motor_ctrl
                0x02800270                motor_ctrl_2
                0x0280034c                motor
                0x02800430                main
 .text          0x0280045c       0xb4 c:/altera/13.0sp1/nios2eds/bin/gnu/h-i686-mingw32/bin/../lib/gcc/nios2-elf/4.1.2/../../../../nios2-elf/lib/mno-hw-mul\libc.a(lib_a-puts.o)
                0x0280045c                _puts_r
                0x028004fc                puts
 .text          0x02800510       0x74 c:/altera/13.0sp1/nios2eds/bin/gnu/h-i686-mingw32/bin/../lib/gcc/nios2-elf/4.1.2/../../../../nios2-elf/lib/mno-hw-mul\libc.a(lib_a-strlen.o)
                0x02800510                strlen
 .text          0x02800584      0x49c c:/altera/13.0sp1/nios2eds/bin/gnu/h-i686-mingw32/bin/../lib/gcc/nios2-elf/4.1.2/../../../../nios2-elf/lib/mno-hw-mul\libc.a(lib_a-fvwrite.o)
                0x02800584                __sfvwrite_r
 .text          0x02800a20        0x0 c:/altera/13.0sp1/nios2eds/bin/gnu/h-i686-mingw32/bin/../lib/gcc/nios2-elf/4.1.2/../../../../nios2-elf/lib/mno-hw-mul\libc.a(lib_a-impure.o)
 .text          0x02800a20      0x740 c:/altera/13.0sp1/nios2eds/bin/gnu/h-i686-mingw32/bin/../lib/gcc/nios2-elf/4.1.2/../../../../nios2-elf/lib/mno-hw-mul\libc.a(lib_a-mallocr.o)
                0x02800a20                _malloc_r
 .text          0x02801160       0xe4 c:/altera/13.0sp1/nios2eds/bin/gnu/h-i686-mingw32/bin/../lib/gcc/nios2-elf/4.1.2/../../../../nios2-elf/lib/mno-hw-mul\libc.a(lib_a-memchr.o)
                0x02801160                memchr
 .text          0x02801244       0xa0 c:/altera/13.0sp1/nios2eds/bin/gnu/h-i686-mingw32/bin/../lib/gcc/nios2-elf/4.1.2/../../../../nios2-elf/lib/mno-hw-mul\libc.a(lib_a-memcpy.o)
                0x02801244                memcpy
 .text          0x028012e4       0xe0 c:/altera/13.0sp1/nios2eds/bin/gnu/h-i686-mingw32/bin/../lib/gcc/nios2-elf/4.1.2/../../../../nios2-elf/lib/mno-hw-mul\libc.a(lib_a-memmove.o)
                0x028012e4                memmove
 .text          0x028013c4      0x5f4 c:/altera/13.0sp1/nios2eds/bin/gnu/h-i686-mingw32/bin/../lib/gcc/nios2-elf/4.1.2/../../../../nios2-elf/lib/mno-hw-mul\libc.a(lib_a-reallocr.o)
                0x028013c4                _realloc_r
 .text          0x028019b8       0x70 c:/altera/13.0sp1/nios2eds/bin/gnu/h-i686-mingw32/bin/../lib/gcc/nios2-elf/4.1.2/../../../../nios2-elf/lib/mno-hw-mul\libc.a(lib_a-sbrkr.o)
                0x028019b8                _sbrk_r
 .text          0x02801a28      0x13c c:/altera/13.0sp1/nios2eds/bin/gnu/h-i686-mingw32/bin/../lib/gcc/nios2-elf/4.1.2/../../../../nios2-elf/lib/mno-hw-mul\libc.a(lib_a-wsetup.o)
                0x02801a28                __swsetup_r
 .text          0x02801b64      0x230 c:/altera/13.0sp1/nios2eds/bin/gnu/h-i686-mingw32/bin/../lib/gcc/nios2-elf/4.1.2/../../../../nios2-elf/lib/mno-hw-mul\libc.a(lib_a-fflush.o)
                0x02801b64                _fflush_r
                0x02801d60                fflush
 .text          0x02801d94      0x2f4 c:/altera/13.0sp1/nios2eds/bin/gnu/h-i686-mingw32/bin/../lib/gcc/nios2-elf/4.1.2/../../../../nios2-elf/lib/mno-hw-mul\libc.a(lib_a-findfp.o)
                0x02801dec                __sfp_lock_acquire
                0x02801df0                __sfp_lock_release
                0x02801df4                __sinit_lock_acquire
                0x02801df8                __sinit_lock_release
                0x02801dfc                __sinit
                0x02801eb0                __fp_unlock_all
                0x02801ec8                __fp_lock_all
                0x02801ee0                _cleanup_r
                0x02801eec                _cleanup
                0x02801efc                __sfmoreglue
                0x02801f98                __sfp
 .text          0x02802088      0x440 c:/altera/13.0sp1/nios2eds/bin/gnu/h-i686-mingw32/bin/../lib/gcc/nios2-elf/4.1.2/../../../../nios2-elf/lib/mno-hw-mul\libc.a(lib_a-freer.o)
                0x02802088                _malloc_trim_r
                0x028021b4                _free_r
 .text          0x028024c8      0x180 c:/altera/13.0sp1/nios2eds/bin/gnu/h-i686-mingw32/bin/../lib/gcc/nios2-elf/4.1.2/../../../../nios2-elf/lib/mno-hw-mul\libc.a(lib_a-fwalk.o)
                0x028024c8                _fwalk_reent
                0x02802590                _fwalk
 .text          0x02802648        0x0 c:/altera/13.0sp1/nios2eds/bin/gnu/h-i686-mingw32/bin/../lib/gcc/nios2-elf/4.1.2/../../../../nios2-elf/lib/mno-hw-mul\libc.a(lib_a-int_errno.o)
 .text          0x02802648      0x194 c:/altera/13.0sp1/nios2eds/bin/gnu/h-i686-mingw32/bin/../lib/gcc/nios2-elf/4.1.2/../../../../nios2-elf/lib/mno-hw-mul\libc.a(lib_a-makebuf.o)
                0x02802648                __smakebuf_r
 .text          0x028027dc       0x98 c:/altera/13.0sp1/nios2eds/bin/gnu/h-i686-mingw32/bin/../lib/gcc/nios2-elf/4.1.2/../../../../nios2-elf/lib/mno-hw-mul\libc.a(lib_a-memset.o)
                0x028027dc                memset
 .text          0x02802874      0x14c c:/altera/13.0sp1/nios2eds/bin/gnu/h-i686-mingw32/bin/../lib/gcc/nios2-elf/4.1.2/../../../../nios2-elf/lib/mno-hw-mul\libc.a(lib_a-stdio.o)
                0x02802874                __sclose
                0x0280287c                __sseek
                0x028028e4                __swrite
                0x02802960                __sread
 .text          0x028029c0       0x78 c:/altera/13.0sp1/nios2eds/bin/gnu/h-i686-mingw32/bin/../lib/gcc/nios2-elf/4.1.2/../../../../nios2-elf/lib/mno-hw-mul\libc.a(lib_a-writer.o)
                0x028029c0                _write_r
 .text          0x02802a38       0x70 c:/altera/13.0sp1/nios2eds/bin/gnu/h-i686-mingw32/bin/../lib/gcc/nios2-elf/4.1.2/../../../../nios2-elf/lib/mno-hw-mul\libc.a(lib_a-closer.o)
                0x02802a38                _close_r
 .text          0x02802aa8      0x124 c:/altera/13.0sp1/nios2eds/bin/gnu/h-i686-mingw32/bin/../lib/gcc/nios2-elf/4.1.2/../../../../nios2-elf/lib/mno-hw-mul\libc.a(lib_a-fclose.o)
                0x02802aa8                _fclose_r
                0x02802bb8                fclose
 .text          0x02802bcc       0x74 c:/altera/13.0sp1/nios2eds/bin/gnu/h-i686-mingw32/bin/../lib/gcc/nios2-elf/4.1.2/../../../../nios2-elf/lib/mno-hw-mul\libc.a(lib_a-fstatr.o)
                0x02802bcc                _fstat_r
 .text          0x02802c40       0x70 c:/altera/13.0sp1/nios2eds/bin/gnu/h-i686-mingw32/bin/../lib/gcc/nios2-elf/4.1.2/../../../../nios2-elf/lib/mno-hw-mul\libc.a(lib_a-isattyr.o)
                0x02802c40                _isatty_r
 .text          0x02802cb0       0x78 c:/altera/13.0sp1/nios2eds/bin/gnu/h-i686-mingw32/bin/../lib/gcc/nios2-elf/4.1.2/../../../../nios2-elf/lib/mno-hw-mul\libc.a(lib_a-lseekr.o)
                0x02802cb0                _lseek_r
 .text          0x02802d28       0x78 c:/altera/13.0sp1/nios2eds/bin/gnu/h-i686-mingw32/bin/../lib/gcc/nios2-elf/4.1.2/../../../../nios2-elf/lib/mno-hw-mul\libc.a(lib_a-readr.o)
                0x02802d28                _read_r
 .text          0x02802da0       0x38 c:/altera/13.0sp1/nios2eds/bin/gnu/h-i686-mingw32/bin/../lib/gcc/nios2-elf/4.1.2/mno-hw-mul\libgcc.a(lib2-mul.o)
                0x02802da0                __mulsi3
 .text          0x02802dd8      0x160 ../ss_bsp/\libhal_bsp.a(alt_close.o)
                0x02802dd8                close
 .text          0x02802f38       0x2c ../ss_bsp/\libhal_bsp.a(alt_dev.o)
 .text          0x02802f64        0x0 ../ss_bsp/\libhal_bsp.a(alt_errno.o)
 .text          0x02802f64      0x138 ../ss_bsp/\libhal_bsp.a(alt_fstat.o)
                0x02802f64                fstat
 .text          0x0280309c      0x124 ../ss_bsp/\libhal_bsp.a(alt_isatty.o)
                0x0280309c                isatty
 .text          0x028031c0       0xec ../ss_bsp/\libhal_bsp.a(alt_load.o)
                0x028031c0                alt_load
 .text          0x028032ac      0x154 ../ss_bsp/\libhal_bsp.a(alt_lseek.o)
                0x028032ac                lseek
 .text          0x02803400       0x6c ../ss_bsp/\libhal_bsp.a(alt_main.o)
                0x02803400                alt_main
 .text          0x0280346c       0x40 ../ss_bsp/\libhal_bsp.a(alt_malloc_lock.o)
                0x0280346c                __malloc_lock
                0x0280348c                __malloc_unlock
 .text          0x028034ac      0x184 ../ss_bsp/\libhal_bsp.a(alt_read.o)
                0x028034ac                read
 .text          0x02803630       0x78 ../ss_bsp/\libhal_bsp.a(alt_release_fd.o)
                0x02803630                alt_release_fd
 .text          0x028036a8       0xbc ../ss_bsp/\libhal_bsp.a(alt_sbrk.o)
                0x028036a8                sbrk
 .text          0x02803764      0x184 ../ss_bsp/\libhal_bsp.a(alt_write.o)
                0x02803764                write
 .text          0x028038e8       0xfc ../ss_bsp/\libhal_bsp.a(alt_sys_init.o)
                0x028038e8                alt_irq_init
                0x0280391c                alt_sys_init
 .text          0x028039e4      0xcac ../ss_bsp/\libhal_bsp.a(altera_avalon_dma.o)
                0x028039e4                alt_avalon_dma_launch_bidir
                0x02803ff8                alt_avalon_dma_tx_ioctl
                0x0280403c                alt_avalon_dma_rx_ioctl
                0x02804080                alt_avalon_dma_prepare
                0x028041d4                alt_avalon_dma_space
                0x02804254                alt_avalon_dma_send
                0x02804570                alt_avalon_dma_init
 .text          0x02804690      0x148 ../ss_bsp/\libhal_bsp.a(altera_avalon_jtag_uart_fd.o)
                0x02804690                altera_avalon_jtag_uart_read_fd
                0x028046e8                altera_avalon_jtag_uart_write_fd
                0x02804740                altera_avalon_jtag_uart_close_fd
                0x02804788                altera_avalon_jtag_uart_ioctl_fd
 .text          0x028047d8      0x40c ../ss_bsp/\libhal_bsp.a(altera_avalon_jtag_uart_init.o)
                0x028047d8                altera_avalon_jtag_uart_init
                0x02804b70                altera_avalon_jtag_uart_close
 .text          0x02804be4       0xf4 ../ss_bsp/\libhal_bsp.a(altera_avalon_jtag_uart_ioctl.o)
                0x02804be4                altera_avalon_jtag_uart_ioctl
 .text          0x02804cd8      0x224 ../ss_bsp/\libhal_bsp.a(altera_avalon_jtag_uart_read.o)
                0x02804cd8                altera_avalon_jtag_uart_read
 .text          0x02804efc      0x240 ../ss_bsp/\libhal_bsp.a(altera_avalon_jtag_uart_write.o)
                0x02804efc                altera_avalon_jtag_uart_write
 .text          0x0280513c        0x0 ../ss_bsp/\libhal_bsp.a(altera_avalon_timer_vars.o)
 .text          0x0280513c      0x154 ../ss_bsp/\libhal_bsp.a(alt_alarm_start.o)
                0x0280513c                alt_alarm_start
 .text          0x02805290       0x1c ../ss_bsp/\libhal_bsp.a(alt_dcache_flush_all.o)
                0x02805290                alt_dcache_flush_all
 .text          0x028052ac      0x114 ../ss_bsp/\libhal_bsp.a(alt_dev_llist_insert.o)
                0x028052ac                alt_dev_llist_insert
 .text          0x028053c0       0xb8 ../ss_bsp/\libhal_bsp.a(alt_dma_rxchan_open.o)
                0x028053c0                alt_dma_rxchan_open
 .text          0x02805478       0xb8 ../ss_bsp/\libhal_bsp.a(alt_dma_txchan_open.o)
                0x02805478                alt_dma_txchan_open
 .text          0x02805530       0x64 ../ss_bsp/\libhal_bsp.a(alt_do_ctors.o)
                0x02805530                _do_ctors
 .text          0x02805594       0x64 ../ss_bsp/\libhal_bsp.a(alt_do_dtors.o)
                0x02805594                _do_dtors
 .text          0x028055f8       0x94 ../ss_bsp/\libhal_bsp.a(alt_find_dev.o)
                0x028055f8                alt_find_dev
 .text          0x0280568c       0x1c ../ss_bsp/\libhal_bsp.a(alt_icache_flush_all.o)
                0x0280568c                alt_icache_flush_all
 .text          0x028056a8      0x1d4 ../ss_bsp/\libhal_bsp.a(alt_iic.o)
                0x028056a8                alt_ic_isr_register
                0x028056f8                alt_ic_irq_enable
                0x02805794                alt_ic_irq_disable
                0x02805834                alt_ic_irq_enabled
 .text          0x0280587c       0xf8 ../ss_bsp/\libhal_bsp.a(alt_iic_isr_register.o)
                0x0280587c                alt_iic_isr_register
 .text          0x02805974      0x150 ../ss_bsp/\libhal_bsp.a(alt_io_redirect.o)
                0x02805a4c                alt_io_redirect
 .text          0x02805ac4        0x0 ../ss_bsp/\libhal_bsp.a(alt_irq_entry.o)
 .text          0x02805ac4        0x0 ../ss_bsp/\libhal_bsp.a(alt_irq_handler.o)
 .text          0x02805ac4        0x0 ../ss_bsp/\libhal_bsp.a(alt_irq_vars.o)
 .text          0x02805ac4      0x2e4 ../ss_bsp/\libhal_bsp.a(alt_open.o)
                0x02805bbc                open
 .text          0x02805da8      0x1a4 ../ss_bsp/\libhal_bsp.a(alt_tick.o)
                0x02805da8                alt_alarm_stop
                0x02805e40                alt_tick
 .text          0x02805f4c       0x20 ../ss_bsp/\libhal_bsp.a(altera_nios2_qsys_irq.o)
                0x02805f4c                altera_nios2_qsys_irq_init
 .text          0x02805f6c        0x0 ../ss_bsp/\libhal_bsp.a(alt_exception_entry.o)
 .text          0x02805f6c      0x120 ../ss_bsp/\libhal_bsp.a(alt_find_file.o)
                0x02805f6c                alt_find_file
 .text          0x0280608c       0xd0 ../ss_bsp/\libhal_bsp.a(alt_get_fd.o)
                0x0280608c                alt_get_fd
 .text          0x0280615c       0x14 c:/altera/13.0sp1/nios2eds/bin/gnu/h-i686-mingw32/bin/../lib/gcc/nios2-elf/4.1.2/../../../../nios2-elf/lib/mno-hw-mul\libc.a(lib_a-atexit.o)
                0x0280615c                atexit
 .text          0x02806170       0x38 c:/altera/13.0sp1/nios2eds/bin/gnu/h-i686-mingw32/bin/../lib/gcc/nios2-elf/4.1.2/../../../../nios2-elf/lib/mno-hw-mul\libc.a(lib_a-exit.o)
                0x02806170                exit
 .text          0x028061a8       0x74 c:/altera/13.0sp1/nios2eds/bin/gnu/h-i686-mingw32/bin/../lib/gcc/nios2-elf/4.1.2/../../../../nios2-elf/lib/mno-hw-mul\libc.a(lib_a-memcmp.o)
                0x028061a8                memcmp
 .text          0x0280621c      0x134 c:/altera/13.0sp1/nios2eds/bin/gnu/h-i686-mingw32/bin/../lib/gcc/nios2-elf/4.1.2/../../../../nios2-elf/lib/mno-hw-mul\libc.a(lib_a-__atexit.o)
                0x0280621c                __register_exitproc
 .text          0x02806350      0x1b4 c:/altera/13.0sp1/nios2eds/bin/gnu/h-i686-mingw32/bin/../lib/gcc/nios2-elf/4.1.2/../../../../nios2-elf/lib/mno-hw-mul\libc.a(lib_a-__call_atexit.o)
                0x02806354                __call_exitprocs
 .text          0x02806504       0x60 ../ss_bsp/\libhal_bsp.a(alt_exit.o)
                0x02806544                _exit
 *(.gnu.warning.*)
 *(.fini)
                0x02806564                PROVIDE (__etext, ABSOLUTE (.))
                0x02806564                PROVIDE (_etext, ABSOLUTE (.))
                0x02806564                PROVIDE (etext, ABSOLUTE (.))
 *(.eh_frame_hdr)
                0x02806564                . = ALIGN (0x4)
                0x02806564                PROVIDE (__preinit_array_start, ABSOLUTE (.))
 *(.preinit_array)
                0x02806564                PROVIDE (__preinit_array_end, ABSOLUTE (.))
                0x02806564                PROVIDE (__init_array_start, ABSOLUTE (.))
 *(.init_array)
                0x02806564                PROVIDE (__init_array_end, ABSOLUTE (.))
                0x02806564                PROVIDE (__fini_array_start, ABSOLUTE (.))
 *(.fini_array)
                0x02806564                PROVIDE (__fini_array_end, ABSOLUTE (.))
 *(.eh_frame)
 *(.gcc_except_table)
 *(.dynamic)
                0x02806564                PROVIDE (__CTOR_LIST__, ABSOLUTE (.))
 *(.ctors)
 *(SORT(.ctors.*))
 .ctors.65535   0x02806564        0x4 c:/altera/13.0sp1/nios2eds/bin/gnu/h-i686-mingw32/bin/../lib/gcc/nios2-elf/4.1.2/../../../../nios2-elf/lib/mno-hw-mul\libc.a(lib_a-__call_atexit.o)
                0x02806568                PROVIDE (__CTOR_END__, ABSOLUTE (.))
                0x02806568                PROVIDE (__DTOR_LIST__, ABSOLUTE (.))
 *(.dtors)
 *(SORT(.dtors.*))
                0x02806568                PROVIDE (__DTOR_END__, ABSOLUTE (.))
 *(.jcr)
                0x02806568                . = ALIGN (0x4)

.rodata         0x02806568       0x50
                0x02806568                PROVIDE (__ram_rodata_start, ABSOLUTE (.))
                0x02806568                . = ALIGN (0x4)
 *(.rodata .rodata.* .gnu.linkonce.r.*)
 .rodata        0x02806568       0x10 obj/default/hello_world.o
 .rodata.str1.4
                0x02806578        0x2 c:/altera/13.0sp1/nios2eds/bin/gnu/h-i686-mingw32/bin/../lib/gcc/nios2-elf/4.1.2/../../../../nios2-elf/lib/mno-hw-mul\libc.a(lib_a-puts.o)
                                  0x4 (size before relaxing)
 *fill*         0x0280657a        0x2 00
 .rodata.str1.4
                0x0280657c        0x4 c:/altera/13.0sp1/nios2eds/bin/gnu/h-i686-mingw32/bin/../lib/gcc/nios2-elf/4.1.2/../../../../nios2-elf/lib/mno-hw-mul\libc.a(lib_a-impure.o)
 .rodata        0x02806580        0xc ../ss_bsp/\libhal_bsp.a(alt_dev.o)
 .rodata        0x0280658c       0x10 ../ss_bsp/\libhal_bsp.a(alt_main.o)
 .rodata        0x0280659c       0x1c ../ss_bsp/\libhal_bsp.a(alt_sys_init.o)
 *(.rodata1)
                0x028065b8                . = ALIGN (0x4)
                0x028065b8                PROVIDE (__ram_rodata_end, ABSOLUTE (.))
                0x02806568                PROVIDE (__flash_rodata_start, LOADADDR (.rodata))

.rwdata         0x028065b8     0x1b34 load address 0x028080ec
                0x028065b8                PROVIDE (__ram_rwdata_start, ABSOLUTE (.))
                0x028065b8                . = ALIGN (0x4)
 *(.got.plt)
 *(.got)
 *(.data1)
 *(.data .data.* .gnu.linkonce.d.*)
 .data          0x028065b8        0x0 ../ss_bsp//obj/HAL/src/crt0.o
 .data          0x028065b8        0x0 obj/default/hello_world.o
 .data          0x028065b8        0x0 c:/altera/13.0sp1/nios2eds/bin/gnu/h-i686-mingw32/bin/../lib/gcc/nios2-elf/4.1.2/../../../../nios2-elf/lib/mno-hw-mul\libc.a(lib_a-puts.o)
 .data          0x028065b8        0x0 c:/altera/13.0sp1/nios2eds/bin/gnu/h-i686-mingw32/bin/../lib/gcc/nios2-elf/4.1.2/../../../../nios2-elf/lib/mno-hw-mul\libc.a(lib_a-strlen.o)
 .data          0x028065b8        0x0 c:/altera/13.0sp1/nios2eds/bin/gnu/h-i686-mingw32/bin/../lib/gcc/nios2-elf/4.1.2/../../../../nios2-elf/lib/mno-hw-mul\libc.a(lib_a-fvwrite.o)
 .data          0x028065b8      0x400 c:/altera/13.0sp1/nios2eds/bin/gnu/h-i686-mingw32/bin/../lib/gcc/nios2-elf/4.1.2/../../../../nios2-elf/lib/mno-hw-mul\libc.a(lib_a-impure.o)
 .data          0x028069b8      0x408 c:/altera/13.0sp1/nios2eds/bin/gnu/h-i686-mingw32/bin/../lib/gcc/nios2-elf/4.1.2/../../../../nios2-elf/lib/mno-hw-mul\libc.a(lib_a-mallocr.o)
                0x028069b8                __malloc_av_
 .data          0x02806dc0        0x0 c:/altera/13.0sp1/nios2eds/bin/gnu/h-i686-mingw32/bin/../lib/gcc/nios2-elf/4.1.2/../../../../nios2-elf/lib/mno-hw-mul\libc.a(lib_a-memchr.o)
 .data          0x02806dc0        0x0 c:/altera/13.0sp1/nios2eds/bin/gnu/h-i686-mingw32/bin/../lib/gcc/nios2-elf/4.1.2/../../../../nios2-elf/lib/mno-hw-mul\libc.a(lib_a-memcpy.o)
 .data          0x02806dc0        0x0 c:/altera/13.0sp1/nios2eds/bin/gnu/h-i686-mingw32/bin/../lib/gcc/nios2-elf/4.1.2/../../../../nios2-elf/lib/mno-hw-mul\libc.a(lib_a-memmove.o)
 .data          0x02806dc0        0x0 c:/altera/13.0sp1/nios2eds/bin/gnu/h-i686-mingw32/bin/../lib/gcc/nios2-elf/4.1.2/../../../../nios2-elf/lib/mno-hw-mul\libc.a(lib_a-reallocr.o)
 .data          0x02806dc0        0x0 c:/altera/13.0sp1/nios2eds/bin/gnu/h-i686-mingw32/bin/../lib/gcc/nios2-elf/4.1.2/../../../../nios2-elf/lib/mno-hw-mul\libc.a(lib_a-sbrkr.o)
 .data          0x02806dc0        0x0 c:/altera/13.0sp1/nios2eds/bin/gnu/h-i686-mingw32/bin/../lib/gcc/nios2-elf/4.1.2/../../../../nios2-elf/lib/mno-hw-mul\libc.a(lib_a-wsetup.o)
 .data          0x02806dc0        0x0 c:/altera/13.0sp1/nios2eds/bin/gnu/h-i686-mingw32/bin/../lib/gcc/nios2-elf/4.1.2/../../../../nios2-elf/lib/mno-hw-mul\libc.a(lib_a-fflush.o)
 .data          0x02806dc0        0x0 c:/altera/13.0sp1/nios2eds/bin/gnu/h-i686-mingw32/bin/../lib/gcc/nios2-elf/4.1.2/../../../../nios2-elf/lib/mno-hw-mul\libc.a(lib_a-findfp.o)
 .data          0x02806dc0        0x0 c:/altera/13.0sp1/nios2eds/bin/gnu/h-i686-mingw32/bin/../lib/gcc/nios2-elf/4.1.2/../../../../nios2-elf/lib/mno-hw-mul\libc.a(lib_a-freer.o)
 .data          0x02806dc0        0x0 c:/altera/13.0sp1/nios2eds/bin/gnu/h-i686-mingw32/bin/../lib/gcc/nios2-elf/4.1.2/../../../../nios2-elf/lib/mno-hw-mul\libc.a(lib_a-fwalk.o)
 .data          0x02806dc0        0x0 c:/altera/13.0sp1/nios2eds/bin/gnu/h-i686-mingw32/bin/../lib/gcc/nios2-elf/4.1.2/../../../../nios2-elf/lib/mno-hw-mul\libc.a(lib_a-int_errno.o)
 .data          0x02806dc0        0x0 c:/altera/13.0sp1/nios2eds/bin/gnu/h-i686-mingw32/bin/../lib/gcc/nios2-elf/4.1.2/../../../../nios2-elf/lib/mno-hw-mul\libc.a(lib_a-makebuf.o)
 .data          0x02806dc0        0x0 c:/altera/13.0sp1/nios2eds/bin/gnu/h-i686-mingw32/bin/../lib/gcc/nios2-elf/4.1.2/../../../../nios2-elf/lib/mno-hw-mul\libc.a(lib_a-memset.o)
 .data          0x02806dc0        0x0 c:/altera/13.0sp1/nios2eds/bin/gnu/h-i686-mingw32/bin/../lib/gcc/nios2-elf/4.1.2/../../../../nios2-elf/lib/mno-hw-mul\libc.a(lib_a-stdio.o)
 .data          0x02806dc0        0x0 c:/altera/13.0sp1/nios2eds/bin/gnu/h-i686-mingw32/bin/../lib/gcc/nios2-elf/4.1.2/../../../../nios2-elf/lib/mno-hw-mul\libc.a(lib_a-writer.o)
 .data          0x02806dc0        0x0 c:/altera/13.0sp1/nios2eds/bin/gnu/h-i686-mingw32/bin/../lib/gcc/nios2-elf/4.1.2/../../../../nios2-elf/lib/mno-hw-mul\libc.a(lib_a-closer.o)
 .data          0x02806dc0        0x0 c:/altera/13.0sp1/nios2eds/bin/gnu/h-i686-mingw32/bin/../lib/gcc/nios2-elf/4.1.2/../../../../nios2-elf/lib/mno-hw-mul\libc.a(lib_a-fclose.o)
 .data          0x02806dc0        0x0 c:/altera/13.0sp1/nios2eds/bin/gnu/h-i686-mingw32/bin/../lib/gcc/nios2-elf/4.1.2/../../../../nios2-elf/lib/mno-hw-mul\libc.a(lib_a-fstatr.o)
 .data          0x02806dc0        0x0 c:/altera/13.0sp1/nios2eds/bin/gnu/h-i686-mingw32/bin/../lib/gcc/nios2-elf/4.1.2/../../../../nios2-elf/lib/mno-hw-mul\libc.a(lib_a-isattyr.o)
 .data          0x02806dc0        0x0 c:/altera/13.0sp1/nios2eds/bin/gnu/h-i686-mingw32/bin/../lib/gcc/nios2-elf/4.1.2/../../../../nios2-elf/lib/mno-hw-mul\libc.a(lib_a-lseekr.o)
 .data          0x02806dc0        0x0 c:/altera/13.0sp1/nios2eds/bin/gnu/h-i686-mingw32/bin/../lib/gcc/nios2-elf/4.1.2/../../../../nios2-elf/lib/mno-hw-mul\libc.a(lib_a-readr.o)
 .data          0x02806dc0        0x0 c:/altera/13.0sp1/nios2eds/bin/gnu/h-i686-mingw32/bin/../lib/gcc/nios2-elf/4.1.2/mno-hw-mul\libgcc.a(lib2-mul.o)
 .data          0x02806dc0        0x0 ../ss_bsp/\libhal_bsp.a(alt_close.o)
 .data          0x02806dc0      0x1a8 ../ss_bsp/\libhal_bsp.a(alt_dev.o)
                0x02806dc0                alt_dev_null
                0x02806de8                alt_fd_list
 .data          0x02806f68        0x0 ../ss_bsp/\libhal_bsp.a(alt_errno.o)
 .data          0x02806f68        0x0 ../ss_bsp/\libhal_bsp.a(alt_fstat.o)
 .data          0x02806f68        0x0 ../ss_bsp/\libhal_bsp.a(alt_isatty.o)
 .data          0x02806f68        0x0 ../ss_bsp/\libhal_bsp.a(alt_load.o)
 .data          0x02806f68        0x0 ../ss_bsp/\libhal_bsp.a(alt_lseek.o)
 .data          0x02806f68        0x0 ../ss_bsp/\libhal_bsp.a(alt_main.o)
 .data          0x02806f68        0x0 ../ss_bsp/\libhal_bsp.a(alt_malloc_lock.o)
 .data          0x02806f68        0x0 ../ss_bsp/\libhal_bsp.a(alt_read.o)
 .data          0x02806f68        0x0 ../ss_bsp/\libhal_bsp.a(alt_release_fd.o)
 .data          0x02806f68        0x0 ../ss_bsp/\libhal_bsp.a(alt_sbrk.o)
 .data          0x02806f68        0x0 ../ss_bsp/\libhal_bsp.a(alt_write.o)
 .data          0x02806f68     0x113c ../ss_bsp/\libhal_bsp.a(alt_sys_init.o)
 .data          0x028080a4        0x0 ../ss_bsp/\libhal_bsp.a(altera_avalon_dma.o)
 .data          0x028080a4        0x0 ../ss_bsp/\libhal_bsp.a(altera_avalon_jtag_uart_fd.o)
 .data          0x028080a4        0x0 ../ss_bsp/\libhal_bsp.a(altera_avalon_jtag_uart_init.o)
 .data          0x028080a4        0x0 ../ss_bsp/\libhal_bsp.a(altera_avalon_jtag_uart_ioctl.o)
 .data          0x028080a4        0x0 ../ss_bsp/\libhal_bsp.a(altera_avalon_jtag_uart_read.o)
 .data          0x028080a4        0x0 ../ss_bsp/\libhal_bsp.a(altera_avalon_jtag_uart_write.o)
 .data          0x028080a4        0x0 ../ss_bsp/\libhal_bsp.a(altera_avalon_timer_vars.o)
 .data          0x028080a4        0x0 ../ss_bsp/\libhal_bsp.a(alt_alarm_start.o)
 .data          0x028080a4        0x0 ../ss_bsp/\libhal_bsp.a(alt_dcache_flush_all.o)
 .data          0x028080a4        0x0 ../ss_bsp/\libhal_bsp.a(alt_dev_llist_insert.o)
 .data          0x028080a4        0x0 ../ss_bsp/\libhal_bsp.a(alt_dma_rxchan_open.o)
 .data          0x028080a4        0x0 ../ss_bsp/\libhal_bsp.a(alt_dma_txchan_open.o)
 .data          0x028080a4        0x0 ../ss_bsp/\libhal_bsp.a(alt_do_ctors.o)
 .data          0x028080a4        0x0 ../ss_bsp/\libhal_bsp.a(alt_do_dtors.o)
 .data          0x028080a4        0x0 ../ss_bsp/\libhal_bsp.a(alt_find_dev.o)
 .data          0x028080a4        0x0 ../ss_bsp/\libhal_bsp.a(alt_icache_flush_all.o)
 .data          0x028080a4        0x0 ../ss_bsp/\libhal_bsp.a(alt_iic.o)
 .data          0x028080a4        0x0 ../ss_bsp/\libhal_bsp.a(alt_iic_isr_register.o)
 .data          0x028080a4        0x0 ../ss_bsp/\libhal_bsp.a(alt_io_redirect.o)
 .data          0x028080a4        0x0 ../ss_bsp/\libhal_bsp.a(alt_irq_entry.o)
 .data          0x028080a4        0x0 ../ss_bsp/\libhal_bsp.a(alt_irq_handler.o)
 .data          0x028080a4        0x0 ../ss_bsp/\libhal_bsp.a(alt_irq_vars.o)
 .data          0x028080a4        0x0 ../ss_bsp/\libhal_bsp.a(alt_open.o)
 .data          0x028080a4        0x0 ../ss_bsp/\libhal_bsp.a(alt_tick.o)
 .data          0x028080a4        0x0 ../ss_bsp/\libhal_bsp.a(altera_nios2_qsys_irq.o)
 .data          0x028080a4        0x0 ../ss_bsp/\libhal_bsp.a(alt_exception_entry.o)
 .data          0x028080a4        0x0 ../ss_bsp/\libhal_bsp.a(alt_find_file.o)
 .data          0x028080a4        0x0 ../ss_bsp/\libhal_bsp.a(alt_get_fd.o)
 .data          0x028080a4        0x0 c:/altera/13.0sp1/nios2eds/bin/gnu/h-i686-mingw32/bin/../lib/gcc/nios2-elf/4.1.2/../../../../nios2-elf/lib/mno-hw-mul\libc.a(lib_a-atexit.o)
 .data          0x028080a4        0x0 c:/altera/13.0sp1/nios2eds/bin/gnu/h-i686-mingw32/bin/../lib/gcc/nios2-elf/4.1.2/../../../../nios2-elf/lib/mno-hw-mul\libc.a(lib_a-exit.o)
 .data          0x028080a4        0x0 c:/altera/13.0sp1/nios2eds/bin/gnu/h-i686-mingw32/bin/../lib/gcc/nios2-elf/4.1.2/../../../../nios2-elf/lib/mno-hw-mul\libc.a(lib_a-memcmp.o)
 .data          0x028080a4        0x0 c:/altera/13.0sp1/nios2eds/bin/gnu/h-i686-mingw32/bin/../lib/gcc/nios2-elf/4.1.2/../../../../nios2-elf/lib/mno-hw-mul\libc.a(lib_a-__atexit.o)
 .data          0x028080a4        0x0 c:/altera/13.0sp1/nios2eds/bin/gnu/h-i686-mingw32/bin/../lib/gcc/nios2-elf/4.1.2/../../../../nios2-elf/lib/mno-hw-mul\libc.a(lib_a-__call_atexit.o)
 .data          0x028080a4        0x0 ../ss_bsp/\libhal_bsp.a(alt_exit.o)
                0x028100a4                _gp = ABSOLUTE ((. + 0x8000))
                0x028100a4                PROVIDE (gp, _gp)
 *(.rwdata .rwdata.*)
 *(.sdata .sdata.* .gnu.linkonce.s.*)
 .sdata         0x028080a4        0x8 c:/altera/13.0sp1/nios2eds/bin/gnu/h-i686-mingw32/bin/../lib/gcc/nios2-elf/4.1.2/../../../../nios2-elf/lib/mno-hw-mul\libc.a(lib_a-impure.o)
                0x028080a4                _impure_ptr
                0x028080a8                _global_impure_ptr
 .sdata         0x028080ac        0x8 c:/altera/13.0sp1/nios2eds/bin/gnu/h-i686-mingw32/bin/../lib/gcc/nios2-elf/4.1.2/../../../../nios2-elf/lib/mno-hw-mul\libc.a(lib_a-mallocr.o)
                0x028080ac                __malloc_trim_threshold
                0x028080b0                __malloc_sbrk_base
 .sdata         0x028080b4       0x14 ../ss_bsp/\libhal_bsp.a(alt_dev.o)
                0x028080b4                alt_fs_list
                0x028080bc                alt_dev_list
                0x028080c4                alt_max_fd
 .sdata         0x028080c8        0x4 ../ss_bsp/\libhal_bsp.a(alt_errno.o)
                0x028080c8                alt_errno
 .sdata         0x028080cc        0x4 ../ss_bsp/\libhal_bsp.a(alt_sbrk.o)
 .sdata         0x028080d0        0x8 ../ss_bsp/\libhal_bsp.a(alt_dma_rxchan_open.o)
                0x028080d0                alt_dma_rxchan_list
 .sdata         0x028080d8        0x8 ../ss_bsp/\libhal_bsp.a(alt_dma_txchan_open.o)
                0x028080d8                alt_dma_txchan_list
 .sdata         0x028080e0        0x4 ../ss_bsp/\libhal_bsp.a(alt_irq_vars.o)
                0x028080e0                alt_priority_mask
 .sdata         0x028080e4        0x8 ../ss_bsp/\libhal_bsp.a(alt_tick.o)
                0x028080e4                alt_alarm_list
 *(.sdata2 .sdata2.* .gnu.linkonce.s2.*)
                0x028080ec                . = ALIGN (0x4)
                0x028080ec                _edata = ABSOLUTE (.)
                0x028080ec                PROVIDE (edata, ABSOLUTE (.))
                0x028080ec                PROVIDE (__ram_rwdata_end, ABSOLUTE (.))
                0x028080ec                PROVIDE (__flash_rwdata_start, LOADADDR (.rwdata))

.bss            0x02809c20      0x2e8
                0x02809c20                __bss_start = ABSOLUTE (.)
                0x02809c20                PROVIDE (__sbss_start, ABSOLUTE (.))
                0x02809c20                PROVIDE (___sbss_start, ABSOLUTE (.))
 *(.dynsbss)
 *(.sbss .sbss.* .gnu.linkonce.sb.*)
 .sbss          0x02809c20        0xc c:/altera/13.0sp1/nios2eds/bin/gnu/h-i686-mingw32/bin/../lib/gcc/nios2-elf/4.1.2/../../../../nios2-elf/lib/mno-hw-mul\libc.a(lib_a-mallocr.o)
                0x02809c20                __malloc_top_pad
                0x02809c24                __malloc_max_sbrked_mem
                0x02809c28                __malloc_max_total_mem
 .sbss          0x02809c2c        0x4 c:/altera/13.0sp1/nios2eds/bin/gnu/h-i686-mingw32/bin/../lib/gcc/nios2-elf/4.1.2/../../../../nios2-elf/lib/mno-hw-mul\libc.a(lib_a-int_errno.o)
                0x02809c2c                errno
 .sbss          0x02809c30        0xc ../ss_bsp/\libhal_bsp.a(alt_main.o)
                0x02809c30                alt_argc
                0x02809c34                alt_argv
                0x02809c38                alt_envp
 .sbss          0x02809c3c        0x8 ../ss_bsp/\libhal_bsp.a(altera_avalon_timer_vars.o)
                0x02809c3c                altera_avalon_timer_ts_base
                0x02809c40                altera_avalon_timer_ts_freq
 .sbss          0x02809c44        0x4 ../ss_bsp/\libhal_bsp.a(alt_irq_vars.o)
                0x02809c44                alt_irq_active
 .sbss          0x02809c48        0x8 ../ss_bsp/\libhal_bsp.a(alt_tick.o)
                0x02809c48                _alt_tick_rate
                0x02809c4c                _alt_nticks
 *(.sbss2 .sbss2.* .gnu.linkonce.sb2.*)
 *(.scommon)
                0x02809c50                PROVIDE (__sbss_end, ABSOLUTE (.))
                0x02809c50                PROVIDE (___sbss_end, ABSOLUTE (.))
 *(.dynbss)
 *(.bss .bss.* .gnu.linkonce.b.*)
 .bss           0x02809c50        0x0 ../ss_bsp//obj/HAL/src/crt0.o
 .bss           0x02809c50        0x0 obj/default/hello_world.o
 .bss           0x02809c50        0x0 c:/altera/13.0sp1/nios2eds/bin/gnu/h-i686-mingw32/bin/../lib/gcc/nios2-elf/4.1.2/../../../../nios2-elf/lib/mno-hw-mul\libc.a(lib_a-puts.o)
 .bss           0x02809c50        0x0 c:/altera/13.0sp1/nios2eds/bin/gnu/h-i686-mingw32/bin/../lib/gcc/nios2-elf/4.1.2/../../../../nios2-elf/lib/mno-hw-mul\libc.a(lib_a-strlen.o)
 .bss           0x02809c50        0x0 c:/altera/13.0sp1/nios2eds/bin/gnu/h-i686-mingw32/bin/../lib/gcc/nios2-elf/4.1.2/../../../../nios2-elf/lib/mno-hw-mul\libc.a(lib_a-fvwrite.o)
 .bss           0x02809c50        0x0 c:/altera/13.0sp1/nios2eds/bin/gnu/h-i686-mingw32/bin/../lib/gcc/nios2-elf/4.1.2/../../../../nios2-elf/lib/mno-hw-mul\libc.a(lib_a-impure.o)
 .bss           0x02809c50       0x28 c:/altera/13.0sp1/nios2eds/bin/gnu/h-i686-mingw32/bin/../lib/gcc/nios2-elf/4.1.2/../../../../nios2-elf/lib/mno-hw-mul\libc.a(lib_a-mallocr.o)
                0x02809c50                __malloc_current_mallinfo
 .bss           0x02809c78        0x0 c:/altera/13.0sp1/nios2eds/bin/gnu/h-i686-mingw32/bin/../lib/gcc/nios2-elf/4.1.2/../../../../nios2-elf/lib/mno-hw-mul\libc.a(lib_a-memchr.o)
 .bss           0x02809c78        0x0 c:/altera/13.0sp1/nios2eds/bin/gnu/h-i686-mingw32/bin/../lib/gcc/nios2-elf/4.1.2/../../../../nios2-elf/lib/mno-hw-mul\libc.a(lib_a-memcpy.o)
 .bss           0x02809c78        0x0 c:/altera/13.0sp1/nios2eds/bin/gnu/h-i686-mingw32/bin/../lib/gcc/nios2-elf/4.1.2/../../../../nios2-elf/lib/mno-hw-mul\libc.a(lib_a-memmove.o)
 .bss           0x02809c78        0x0 c:/altera/13.0sp1/nios2eds/bin/gnu/h-i686-mingw32/bin/../lib/gcc/nios2-elf/4.1.2/../../../../nios2-elf/lib/mno-hw-mul\libc.a(lib_a-reallocr.o)
 .bss           0x02809c78        0x0 c:/altera/13.0sp1/nios2eds/bin/gnu/h-i686-mingw32/bin/../lib/gcc/nios2-elf/4.1.2/../../../../nios2-elf/lib/mno-hw-mul\libc.a(lib_a-sbrkr.o)
 .bss           0x02809c78        0x0 c:/altera/13.0sp1/nios2eds/bin/gnu/h-i686-mingw32/bin/../lib/gcc/nios2-elf/4.1.2/../../../../nios2-elf/lib/mno-hw-mul\libc.a(lib_a-wsetup.o)
 .bss           0x02809c78        0x0 c:/altera/13.0sp1/nios2eds/bin/gnu/h-i686-mingw32/bin/../lib/gcc/nios2-elf/4.1.2/../../../../nios2-elf/lib/mno-hw-mul\libc.a(lib_a-fflush.o)
 .bss           0x02809c78        0x0 c:/altera/13.0sp1/nios2eds/bin/gnu/h-i686-mingw32/bin/../lib/gcc/nios2-elf/4.1.2/../../../../nios2-elf/lib/mno-hw-mul\libc.a(lib_a-findfp.o)
 .bss           0x02809c78        0x0 c:/altera/13.0sp1/nios2eds/bin/gnu/h-i686-mingw32/bin/../lib/gcc/nios2-elf/4.1.2/../../../../nios2-elf/lib/mno-hw-mul\libc.a(lib_a-freer.o)
 .bss           0x02809c78        0x0 c:/altera/13.0sp1/nios2eds/bin/gnu/h-i686-mingw32/bin/../lib/gcc/nios2-elf/4.1.2/../../../../nios2-elf/lib/mno-hw-mul\libc.a(lib_a-fwalk.o)
 .bss           0x02809c78        0x0 c:/altera/13.0sp1/nios2eds/bin/gnu/h-i686-mingw32/bin/../lib/gcc/nios2-elf/4.1.2/../../../../nios2-elf/lib/mno-hw-mul\libc.a(lib_a-int_errno.o)
 .bss           0x02809c78        0x0 c:/altera/13.0sp1/nios2eds/bin/gnu/h-i686-mingw32/bin/../lib/gcc/nios2-elf/4.1.2/../../../../nios2-elf/lib/mno-hw-mul\libc.a(lib_a-makebuf.o)
 .bss           0x02809c78        0x0 c:/altera/13.0sp1/nios2eds/bin/gnu/h-i686-mingw32/bin/../lib/gcc/nios2-elf/4.1.2/../../../../nios2-elf/lib/mno-hw-mul\libc.a(lib_a-memset.o)
 .bss           0x02809c78        0x0 c:/altera/13.0sp1/nios2eds/bin/gnu/h-i686-mingw32/bin/../lib/gcc/nios2-elf/4.1.2/../../../../nios2-elf/lib/mno-hw-mul\libc.a(lib_a-stdio.o)
 .bss           0x02809c78        0x0 c:/altera/13.0sp1/nios2eds/bin/gnu/h-i686-mingw32/bin/../lib/gcc/nios2-elf/4.1.2/../../../../nios2-elf/lib/mno-hw-mul\libc.a(lib_a-writer.o)
 .bss           0x02809c78        0x0 c:/altera/13.0sp1/nios2eds/bin/gnu/h-i686-mingw32/bin/../lib/gcc/nios2-elf/4.1.2/../../../../nios2-elf/lib/mno-hw-mul\libc.a(lib_a-closer.o)
 .bss           0x02809c78        0x0 c:/altera/13.0sp1/nios2eds/bin/gnu/h-i686-mingw32/bin/../lib/gcc/nios2-elf/4.1.2/../../../../nios2-elf/lib/mno-hw-mul\libc.a(lib_a-fclose.o)
 .bss           0x02809c78        0x0 c:/altera/13.0sp1/nios2eds/bin/gnu/h-i686-mingw32/bin/../lib/gcc/nios2-elf/4.1.2/../../../../nios2-elf/lib/mno-hw-mul\libc.a(lib_a-fstatr.o)
 .bss           0x02809c78        0x0 c:/altera/13.0sp1/nios2eds/bin/gnu/h-i686-mingw32/bin/../lib/gcc/nios2-elf/4.1.2/../../../../nios2-elf/lib/mno-hw-mul\libc.a(lib_a-isattyr.o)
 .bss           0x02809c78        0x0 c:/altera/13.0sp1/nios2eds/bin/gnu/h-i686-mingw32/bin/../lib/gcc/nios2-elf/4.1.2/../../../../nios2-elf/lib/mno-hw-mul\libc.a(lib_a-lseekr.o)
 .bss           0x02809c78        0x0 c:/altera/13.0sp1/nios2eds/bin/gnu/h-i686-mingw32/bin/../lib/gcc/nios2-elf/4.1.2/../../../../nios2-elf/lib/mno-hw-mul\libc.a(lib_a-readr.o)
 .bss           0x02809c78        0x0 c:/altera/13.0sp1/nios2eds/bin/gnu/h-i686-mingw32/bin/../lib/gcc/nios2-elf/4.1.2/mno-hw-mul\libgcc.a(lib2-mul.o)
 .bss           0x02809c78        0x0 ../ss_bsp/\libhal_bsp.a(alt_close.o)
 .bss           0x02809c78        0x0 ../ss_bsp/\libhal_bsp.a(alt_dev.o)
 .bss           0x02809c78        0x0 ../ss_bsp/\libhal_bsp.a(alt_errno.o)
 .bss           0x02809c78        0x0 ../ss_bsp/\libhal_bsp.a(alt_fstat.o)
 .bss           0x02809c78        0x0 ../ss_bsp/\libhal_bsp.a(alt_isatty.o)
 .bss           0x02809c78        0x0 ../ss_bsp/\libhal_bsp.a(alt_load.o)
 .bss           0x02809c78        0x0 ../ss_bsp/\libhal_bsp.a(alt_lseek.o)
 .bss           0x02809c78        0x0 ../ss_bsp/\libhal_bsp.a(alt_main.o)
 .bss           0x02809c78        0x0 ../ss_bsp/\libhal_bsp.a(alt_malloc_lock.o)
 .bss           0x02809c78        0x0 ../ss_bsp/\libhal_bsp.a(alt_read.o)
 .bss           0x02809c78        0x0 ../ss_bsp/\libhal_bsp.a(alt_release_fd.o)
 .bss           0x02809c78        0x0 ../ss_bsp/\libhal_bsp.a(alt_sbrk.o)
 .bss           0x02809c78        0x0 ../ss_bsp/\libhal_bsp.a(alt_write.o)
 .bss           0x02809c78        0x0 ../ss_bsp/\libhal_bsp.a(alt_sys_init.o)
 .bss           0x02809c78        0x0 ../ss_bsp/\libhal_bsp.a(altera_avalon_dma.o)
 .bss           0x02809c78        0x0 ../ss_bsp/\libhal_bsp.a(altera_avalon_jtag_uart_fd.o)
 .bss           0x02809c78        0x0 ../ss_bsp/\libhal_bsp.a(altera_avalon_jtag_uart_init.o)
 .bss           0x02809c78        0x0 ../ss_bsp/\libhal_bsp.a(altera_avalon_jtag_uart_ioctl.o)
 .bss           0x02809c78        0x0 ../ss_bsp/\libhal_bsp.a(altera_avalon_jtag_uart_read.o)
 .bss           0x02809c78        0x0 ../ss_bsp/\libhal_bsp.a(altera_avalon_jtag_uart_write.o)
 .bss           0x02809c78        0x0 ../ss_bsp/\libhal_bsp.a(altera_avalon_timer_vars.o)
 .bss           0x02809c78        0x0 ../ss_bsp/\libhal_bsp.a(alt_alarm_start.o)
 .bss           0x02809c78        0x0 ../ss_bsp/\libhal_bsp.a(alt_dcache_flush_all.o)
 .bss           0x02809c78        0x0 ../ss_bsp/\libhal_bsp.a(alt_dev_llist_insert.o)
 .bss           0x02809c78        0x0 ../ss_bsp/\libhal_bsp.a(alt_dma_rxchan_open.o)
 .bss           0x02809c78        0x0 ../ss_bsp/\libhal_bsp.a(alt_dma_txchan_open.o)
 .bss           0x02809c78        0x0 ../ss_bsp/\libhal_bsp.a(alt_do_ctors.o)
 .bss           0x02809c78        0x0 ../ss_bsp/\libhal_bsp.a(alt_do_dtors.o)
 .bss           0x02809c78        0x0 ../ss_bsp/\libhal_bsp.a(alt_find_dev.o)
 .bss           0x02809c78        0x0 ../ss_bsp/\libhal_bsp.a(alt_icache_flush_all.o)
 .bss           0x02809c78        0x0 ../ss_bsp/\libhal_bsp.a(alt_iic.o)
 .bss           0x02809c78        0x0 ../ss_bsp/\libhal_bsp.a(alt_iic_isr_register.o)
 .bss           0x02809c78        0x0 ../ss_bsp/\libhal_bsp.a(alt_io_redirect.o)
 .bss           0x02809c78        0x0 ../ss_bsp/\libhal_bsp.a(alt_irq_entry.o)
 .bss           0x02809c78        0x0 ../ss_bsp/\libhal_bsp.a(alt_irq_handler.o)
 .bss           0x02809c78        0x0 ../ss_bsp/\libhal_bsp.a(alt_irq_vars.o)
 .bss           0x02809c78        0x0 ../ss_bsp/\libhal_bsp.a(alt_open.o)
 .bss           0x02809c78        0x0 ../ss_bsp/\libhal_bsp.a(alt_tick.o)
 .bss           0x02809c78        0x0 ../ss_bsp/\libhal_bsp.a(altera_nios2_qsys_irq.o)
 .bss           0x02809c78        0x0 ../ss_bsp/\libhal_bsp.a(alt_exception_entry.o)
 .bss           0x02809c78        0x0 ../ss_bsp/\libhal_bsp.a(alt_find_file.o)
 .bss           0x02809c78        0x0 ../ss_bsp/\libhal_bsp.a(alt_get_fd.o)
 .bss           0x02809c78        0x0 c:/altera/13.0sp1/nios2eds/bin/gnu/h-i686-mingw32/bin/../lib/gcc/nios2-elf/4.1.2/../../../../nios2-elf/lib/mno-hw-mul\libc.a(lib_a-atexit.o)
 .bss           0x02809c78        0x0 c:/altera/13.0sp1/nios2eds/bin/gnu/h-i686-mingw32/bin/../lib/gcc/nios2-elf/4.1.2/../../../../nios2-elf/lib/mno-hw-mul\libc.a(lib_a-exit.o)
 .bss           0x02809c78        0x0 c:/altera/13.0sp1/nios2eds/bin/gnu/h-i686-mingw32/bin/../lib/gcc/nios2-elf/4.1.2/../../../../nios2-elf/lib/mno-hw-mul\libc.a(lib_a-memcmp.o)
 .bss           0x02809c78        0x0 c:/altera/13.0sp1/nios2eds/bin/gnu/h-i686-mingw32/bin/../lib/gcc/nios2-elf/4.1.2/../../../../nios2-elf/lib/mno-hw-mul\libc.a(lib_a-__atexit.o)
 .bss           0x02809c78        0x0 c:/altera/13.0sp1/nios2eds/bin/gnu/h-i686-mingw32/bin/../lib/gcc/nios2-elf/4.1.2/../../../../nios2-elf/lib/mno-hw-mul\libc.a(lib_a-__call_atexit.o)
 .bss           0x02809c78        0x0 ../ss_bsp/\libhal_bsp.a(alt_exit.o)
 *(COMMON)
 COMMON         0x02809c78      0x100 ../ss_bsp/\libhal_bsp.a(alt_irq_handler.o)
                0x02809c78                alt_irq
 COMMON         0x02809d78      0x190 c:/altera/13.0sp1/nios2eds/bin/gnu/h-i686-mingw32/bin/../lib/gcc/nios2-elf/4.1.2/../../../../nios2-elf/lib/mno-hw-mul\libc.a(lib_a-atexit.o)
                0x02809d78                _atexit0
                0x02809f08                . = ALIGN (0x4)
                0x02809f08                __bss_end = ABSOLUTE (.)

.sdram_ctrl     0x02809f08        0x0
                0x02809f08                PROVIDE (_alt_partition_sdram_ctrl_start, ABSOLUTE (.))
 *(.sdram_ctrl. sdram_ctrl.*)
                0x02809f08                . = ALIGN (0x4)
                0x02809f08                PROVIDE (_alt_partition_sdram_ctrl_end, ABSOLUTE (.))
                0x02809f08                _end = ABSOLUTE (.)
                0x02809f08                end = ABSOLUTE (.)
                0x02809f08                __alt_stack_base = ABSOLUTE (.)
                0x02809f08                PROVIDE (_alt_partition_sdram_ctrl_load_addr, LOADADDR (.sdram_ctrl))

.stab
 *(.stab)

.stabstr
 *(.stabstr)

.stab.excl
 *(.stab.excl)

.stab.exclstr
 *(.stab.exclstr)

.stab.index
 *(.stab.index)

.stab.indexstr
 *(.stab.indexstr)

.comment        0x00000000       0x26
 *(.comment)
 .comment       0x00000000       0x26 obj/default/hello_world.o
                                 0x27 (size before relaxing)
 .comment       0x00000000       0x27 c:/altera/13.0sp1/nios2eds/bin/gnu/h-i686-mingw32/bin/../lib/gcc/nios2-elf/4.1.2/../../../../nios2-elf/lib/mno-hw-mul\libc.a(lib_a-puts.o)
 .comment       0x00000000       0x27 c:/altera/13.0sp1/nios2eds/bin/gnu/h-i686-mingw32/bin/../lib/gcc/nios2-elf/4.1.2/../../../../nios2-elf/lib/mno-hw-mul\libc.a(lib_a-strlen.o)
 .comment       0x00000000       0x27 c:/altera/13.0sp1/nios2eds/bin/gnu/h-i686-mingw32/bin/../lib/gcc/nios2-elf/4.1.2/../../../../nios2-elf/lib/mno-hw-mul\libc.a(lib_a-fvwrite.o)
 .comment       0x00000000       0x27 c:/altera/13.0sp1/nios2eds/bin/gnu/h-i686-mingw32/bin/../lib/gcc/nios2-elf/4.1.2/../../../../nios2-elf/lib/mno-hw-mul\libc.a(lib_a-impure.o)
 .comment       0x00000000       0x27 c:/altera/13.0sp1/nios2eds/bin/gnu/h-i686-mingw32/bin/../lib/gcc/nios2-elf/4.1.2/../../../../nios2-elf/lib/mno-hw-mul\libc.a(lib_a-mallocr.o)
 .comment       0x00000000       0x27 c:/altera/13.0sp1/nios2eds/bin/gnu/h-i686-mingw32/bin/../lib/gcc/nios2-elf/4.1.2/../../../../nios2-elf/lib/mno-hw-mul\libc.a(lib_a-memchr.o)
 .comment       0x00000000       0x27 c:/altera/13.0sp1/nios2eds/bin/gnu/h-i686-mingw32/bin/../lib/gcc/nios2-elf/4.1.2/../../../../nios2-elf/lib/mno-hw-mul\libc.a(lib_a-memcpy.o)
 .comment       0x00000000       0x27 c:/altera/13.0sp1/nios2eds/bin/gnu/h-i686-mingw32/bin/../lib/gcc/nios2-elf/4.1.2/../../../../nios2-elf/lib/mno-hw-mul\libc.a(lib_a-memmove.o)
 .comment       0x00000000       0x27 c:/altera/13.0sp1/nios2eds/bin/gnu/h-i686-mingw32/bin/../lib/gcc/nios2-elf/4.1.2/../../../../nios2-elf/lib/mno-hw-mul\libc.a(lib_a-reallocr.o)
 .comment       0x00000000       0x27 c:/altera/13.0sp1/nios2eds/bin/gnu/h-i686-mingw32/bin/../lib/gcc/nios2-elf/4.1.2/../../../../nios2-elf/lib/mno-hw-mul\libc.a(lib_a-sbrkr.o)
 .comment       0x00000000       0x27 c:/altera/13.0sp1/nios2eds/bin/gnu/h-i686-mingw32/bin/../lib/gcc/nios2-elf/4.1.2/../../../../nios2-elf/lib/mno-hw-mul\libc.a(lib_a-wsetup.o)
 .comment       0x00000000       0x27 c:/altera/13.0sp1/nios2eds/bin/gnu/h-i686-mingw32/bin/../lib/gcc/nios2-elf/4.1.2/../../../../nios2-elf/lib/mno-hw-mul\libc.a(lib_a-fflush.o)
 .comment       0x00000000       0x27 c:/altera/13.0sp1/nios2eds/bin/gnu/h-i686-mingw32/bin/../lib/gcc/nios2-elf/4.1.2/../../../../nios2-elf/lib/mno-hw-mul\libc.a(lib_a-findfp.o)
 .comment       0x00000000       0x27 c:/altera/13.0sp1/nios2eds/bin/gnu/h-i686-mingw32/bin/../lib/gcc/nios2-elf/4.1.2/../../../../nios2-elf/lib/mno-hw-mul\libc.a(lib_a-freer.o)
 .comment       0x00000000       0x27 c:/altera/13.0sp1/nios2eds/bin/gnu/h-i686-mingw32/bin/../lib/gcc/nios2-elf/4.1.2/../../../../nios2-elf/lib/mno-hw-mul\libc.a(lib_a-fwalk.o)
 .comment       0x00000000       0x27 c:/altera/13.0sp1/nios2eds/bin/gnu/h-i686-mingw32/bin/../lib/gcc/nios2-elf/4.1.2/../../../../nios2-elf/lib/mno-hw-mul\libc.a(lib_a-int_errno.o)
 .comment       0x00000000       0x27 c:/altera/13.0sp1/nios2eds/bin/gnu/h-i686-mingw32/bin/../lib/gcc/nios2-elf/4.1.2/../../../../nios2-elf/lib/mno-hw-mul\libc.a(lib_a-makebuf.o)
 .comment       0x00000000       0x27 c:/altera/13.0sp1/nios2eds/bin/gnu/h-i686-mingw32/bin/../lib/gcc/nios2-elf/4.1.2/../../../../nios2-elf/lib/mno-hw-mul\libc.a(lib_a-memset.o)
 .comment       0x00000000       0x27 c:/altera/13.0sp1/nios2eds/bin/gnu/h-i686-mingw32/bin/../lib/gcc/nios2-elf/4.1.2/../../../../nios2-elf/lib/mno-hw-mul\libc.a(lib_a-stdio.o)
 .comment       0x00000000       0x27 c:/altera/13.0sp1/nios2eds/bin/gnu/h-i686-mingw32/bin/../lib/gcc/nios2-elf/4.1.2/../../../../nios2-elf/lib/mno-hw-mul\libc.a(lib_a-writer.o)
 .comment       0x00000000       0x27 c:/altera/13.0sp1/nios2eds/bin/gnu/h-i686-mingw32/bin/../lib/gcc/nios2-elf/4.1.2/../../../../nios2-elf/lib/mno-hw-mul\libc.a(lib_a-closer.o)
 .comment       0x00000000       0x27 c:/altera/13.0sp1/nios2eds/bin/gnu/h-i686-mingw32/bin/../lib/gcc/nios2-elf/4.1.2/../../../../nios2-elf/lib/mno-hw-mul\libc.a(lib_a-fclose.o)
 .comment       0x00000000       0x27 c:/altera/13.0sp1/nios2eds/bin/gnu/h-i686-mingw32/bin/../lib/gcc/nios2-elf/4.1.2/../../../../nios2-elf/lib/mno-hw-mul\libc.a(lib_a-fstatr.o)
 .comment       0x00000000       0x27 c:/altera/13.0sp1/nios2eds/bin/gnu/h-i686-mingw32/bin/../lib/gcc/nios2-elf/4.1.2/../../../../nios2-elf/lib/mno-hw-mul\libc.a(lib_a-isattyr.o)
 .comment       0x00000000       0x27 c:/altera/13.0sp1/nios2eds/bin/gnu/h-i686-mingw32/bin/../lib/gcc/nios2-elf/4.1.2/../../../../nios2-elf/lib/mno-hw-mul\libc.a(lib_a-lseekr.o)
 .comment       0x00000000       0x27 c:/altera/13.0sp1/nios2eds/bin/gnu/h-i686-mingw32/bin/../lib/gcc/nios2-elf/4.1.2/../../../../nios2-elf/lib/mno-hw-mul\libc.a(lib_a-readr.o)
 .comment       0x00000000       0x27 c:/altera/13.0sp1/nios2eds/bin/gnu/h-i686-mingw32/bin/../lib/gcc/nios2-elf/4.1.2/mno-hw-mul\libgcc.a(lib2-mul.o)
 .comment       0x00000000       0x27 ../ss_bsp/\libhal_bsp.a(alt_close.o)
 .comment       0x00000000       0x27 ../ss_bsp/\libhal_bsp.a(alt_dev.o)
 .comment       0x00000000       0x27 ../ss_bsp/\libhal_bsp.a(alt_errno.o)
 .comment       0x00000000       0x27 ../ss_bsp/\libhal_bsp.a(alt_fstat.o)
 .comment       0x00000000       0x27 ../ss_bsp/\libhal_bsp.a(alt_isatty.o)
 .comment       0x00000000       0x27 ../ss_bsp/\libhal_bsp.a(alt_load.o)
 .comment       0x00000000       0x27 ../ss_bsp/\libhal_bsp.a(alt_lseek.o)
 .comment       0x00000000       0x27 ../ss_bsp/\libhal_bsp.a(alt_main.o)
 .comment       0x00000000       0x27 ../ss_bsp/\libhal_bsp.a(alt_malloc_lock.o)
 .comment       0x00000000       0x27 ../ss_bsp/\libhal_bsp.a(alt_read.o)
 .comment       0x00000000       0x27 ../ss_bsp/\libhal_bsp.a(alt_release_fd.o)
 .comment       0x00000000       0x27 ../ss_bsp/\libhal_bsp.a(alt_sbrk.o)
 .comment       0x00000000       0x27 ../ss_bsp/\libhal_bsp.a(alt_write.o)
 .comment       0x00000000       0x27 ../ss_bsp/\libhal_bsp.a(alt_sys_init.o)
 .comment       0x00000000       0x27 ../ss_bsp/\libhal_bsp.a(altera_avalon_dma.o)
 .comment       0x00000000       0x27 ../ss_bsp/\libhal_bsp.a(altera_avalon_jtag_uart_fd.o)
 .comment       0x00000000       0x27 ../ss_bsp/\libhal_bsp.a(altera_avalon_jtag_uart_init.o)
 .comment       0x00000000       0x27 ../ss_bsp/\libhal_bsp.a(altera_avalon_jtag_uart_ioctl.o)
 .comment       0x00000000       0x27 ../ss_bsp/\libhal_bsp.a(altera_avalon_jtag_uart_read.o)
 .comment       0x00000000       0x27 ../ss_bsp/\libhal_bsp.a(altera_avalon_jtag_uart_write.o)
 .comment       0x00000000       0x27 ../ss_bsp/\libhal_bsp.a(altera_avalon_timer_vars.o)
 .comment       0x00000000       0x27 ../ss_bsp/\libhal_bsp.a(alt_alarm_start.o)
 .comment       0x00000000       0x27 ../ss_bsp/\libhal_bsp.a(alt_dcache_flush_all.o)
 .comment       0x00000000       0x27 ../ss_bsp/\libhal_bsp.a(alt_dev_llist_insert.o)
 .comment       0x00000000       0x27 ../ss_bsp/\libhal_bsp.a(alt_dma_rxchan_open.o)
 .comment       0x00000000       0x27 ../ss_bsp/\libhal_bsp.a(alt_dma_txchan_open.o)
 .comment       0x00000000       0x27 ../ss_bsp/\libhal_bsp.a(alt_do_ctors.o)
 .comment       0x00000000       0x27 ../ss_bsp/\libhal_bsp.a(alt_do_dtors.o)
 .comment       0x00000000       0x27 ../ss_bsp/\libhal_bsp.a(alt_find_dev.o)
 .comment       0x00000000       0x27 ../ss_bsp/\libhal_bsp.a(alt_icache_flush_all.o)
 .comment       0x00000000       0x27 ../ss_bsp/\libhal_bsp.a(alt_iic.o)
 .comment       0x00000000       0x27 ../ss_bsp/\libhal_bsp.a(alt_iic_isr_register.o)
 .comment       0x00000000       0x27 ../ss_bsp/\libhal_bsp.a(alt_io_redirect.o)
 .comment       0x00000000       0x27 ../ss_bsp/\libhal_bsp.a(alt_irq_handler.o)
 .comment       0x00000000       0x27 ../ss_bsp/\libhal_bsp.a(alt_irq_vars.o)
 .comment       0x00000000       0x27 ../ss_bsp/\libhal_bsp.a(alt_open.o)
 .comment       0x00000000       0x27 ../ss_bsp/\libhal_bsp.a(alt_tick.o)
 .comment       0x00000000       0x27 ../ss_bsp/\libhal_bsp.a(altera_nios2_qsys_irq.o)
 .comment       0x00000000       0x27 ../ss_bsp/\libhal_bsp.a(alt_find_file.o)
 .comment       0x00000000       0x27 ../ss_bsp/\libhal_bsp.a(alt_get_fd.o)
 .comment       0x00000000       0x27 c:/altera/13.0sp1/nios2eds/bin/gnu/h-i686-mingw32/bin/../lib/gcc/nios2-elf/4.1.2/../../../../nios2-elf/lib/mno-hw-mul\libc.a(lib_a-atexit.o)
 .comment       0x00000000       0x27 c:/altera/13.0sp1/nios2eds/bin/gnu/h-i686-mingw32/bin/../lib/gcc/nios2-elf/4.1.2/../../../../nios2-elf/lib/mno-hw-mul\libc.a(lib_a-exit.o)
 .comment       0x00000000       0x27 c:/altera/13.0sp1/nios2eds/bin/gnu/h-i686-mingw32/bin/../lib/gcc/nios2-elf/4.1.2/../../../../nios2-elf/lib/mno-hw-mul\libc.a(lib_a-memcmp.o)
 .comment       0x00000000       0x27 c:/altera/13.0sp1/nios2eds/bin/gnu/h-i686-mingw32/bin/../lib/gcc/nios2-elf/4.1.2/../../../../nios2-elf/lib/mno-hw-mul\libc.a(lib_a-__atexit.o)
 .comment       0x00000000       0x27 c:/altera/13.0sp1/nios2eds/bin/gnu/h-i686-mingw32/bin/../lib/gcc/nios2-elf/4.1.2/../../../../nios2-elf/lib/mno-hw-mul\libc.a(lib_a-__call_atexit.o)
 .comment       0x00000000       0x27 ../ss_bsp/\libhal_bsp.a(alt_exit.o)

.debug
 *(.debug)

.line
 *(.line)

.debug_srcinfo
 *(.debug_srcinfo)

.debug_sfnames
 *(.debug_sfnames)

.debug_aranges  0x00000000      0x938
 *(.debug_aranges)
 .debug_aranges
                0x00000000       0x28 ../ss_bsp//obj/HAL/src/crt0.o
 .debug_aranges
                0x00000028       0x20 obj/default/hello_world.o
 .debug_aranges
                0x00000048       0x20 c:/altera/13.0sp1/nios2eds/bin/gnu/h-i686-mingw32/bin/../lib/gcc/nios2-elf/4.1.2/../../../../nios2-elf/lib/mno-hw-mul\libc.a(lib_a-puts.o)
 .debug_aranges
                0x00000068       0x20 c:/altera/13.0sp1/nios2eds/bin/gnu/h-i686-mingw32/bin/../lib/gcc/nios2-elf/4.1.2/../../../../nios2-elf/lib/mno-hw-mul\libc.a(lib_a-strlen.o)
 .debug_aranges
                0x00000088       0x20 c:/altera/13.0sp1/nios2eds/bin/gnu/h-i686-mingw32/bin/../lib/gcc/nios2-elf/4.1.2/../../../../nios2-elf/lib/mno-hw-mul\libc.a(lib_a-fvwrite.o)
 .debug_aranges
                0x000000a8       0x20 c:/altera/13.0sp1/nios2eds/bin/gnu/h-i686-mingw32/bin/../lib/gcc/nios2-elf/4.1.2/../../../../nios2-elf/lib/mno-hw-mul\libc.a(lib_a-mallocr.o)
 .debug_aranges
                0x000000c8       0x20 c:/altera/13.0sp1/nios2eds/bin/gnu/h-i686-mingw32/bin/../lib/gcc/nios2-elf/4.1.2/../../../../nios2-elf/lib/mno-hw-mul\libc.a(lib_a-memchr.o)
 .debug_aranges
                0x000000e8       0x20 c:/altera/13.0sp1/nios2eds/bin/gnu/h-i686-mingw32/bin/../lib/gcc/nios2-elf/4.1.2/../../../../nios2-elf/lib/mno-hw-mul\libc.a(lib_a-memcpy.o)
 .debug_aranges
                0x00000108       0x20 c:/altera/13.0sp1/nios2eds/bin/gnu/h-i686-mingw32/bin/../lib/gcc/nios2-elf/4.1.2/../../../../nios2-elf/lib/mno-hw-mul\libc.a(lib_a-memmove.o)
 .debug_aranges
                0x00000128       0x20 c:/altera/13.0sp1/nios2eds/bin/gnu/h-i686-mingw32/bin/../lib/gcc/nios2-elf/4.1.2/../../../../nios2-elf/lib/mno-hw-mul\libc.a(lib_a-reallocr.o)
 .debug_aranges
                0x00000148       0x20 c:/altera/13.0sp1/nios2eds/bin/gnu/h-i686-mingw32/bin/../lib/gcc/nios2-elf/4.1.2/../../../../nios2-elf/lib/mno-hw-mul\libc.a(lib_a-sbrkr.o)
 .debug_aranges
                0x00000168       0x20 c:/altera/13.0sp1/nios2eds/bin/gnu/h-i686-mingw32/bin/../lib/gcc/nios2-elf/4.1.2/../../../../nios2-elf/lib/mno-hw-mul\libc.a(lib_a-wsetup.o)
 .debug_aranges
                0x00000188       0x20 c:/altera/13.0sp1/nios2eds/bin/gnu/h-i686-mingw32/bin/../lib/gcc/nios2-elf/4.1.2/../../../../nios2-elf/lib/mno-hw-mul\libc.a(lib_a-fflush.o)
 .debug_aranges
                0x000001a8       0x20 c:/altera/13.0sp1/nios2eds/bin/gnu/h-i686-mingw32/bin/../lib/gcc/nios2-elf/4.1.2/../../../../nios2-elf/lib/mno-hw-mul\libc.a(lib_a-findfp.o)
 .debug_aranges
                0x000001c8       0x20 c:/altera/13.0sp1/nios2eds/bin/gnu/h-i686-mingw32/bin/../lib/gcc/nios2-elf/4.1.2/../../../../nios2-elf/lib/mno-hw-mul\libc.a(lib_a-freer.o)
 .debug_aranges
                0x000001e8       0x20 c:/altera/13.0sp1/nios2eds/bin/gnu/h-i686-mingw32/bin/../lib/gcc/nios2-elf/4.1.2/../../../../nios2-elf/lib/mno-hw-mul\libc.a(lib_a-fwalk.o)
 .debug_aranges
                0x00000208       0x20 c:/altera/13.0sp1/nios2eds/bin/gnu/h-i686-mingw32/bin/../lib/gcc/nios2-elf/4.1.2/../../../../nios2-elf/lib/mno-hw-mul\libc.a(lib_a-makebuf.o)
 .debug_aranges
                0x00000228       0x20 c:/altera/13.0sp1/nios2eds/bin/gnu/h-i686-mingw32/bin/../lib/gcc/nios2-elf/4.1.2/../../../../nios2-elf/lib/mno-hw-mul\libc.a(lib_a-memset.o)
 .debug_aranges
                0x00000248       0x20 c:/altera/13.0sp1/nios2eds/bin/gnu/h-i686-mingw32/bin/../lib/gcc/nios2-elf/4.1.2/../../../../nios2-elf/lib/mno-hw-mul\libc.a(lib_a-stdio.o)
 .debug_aranges
                0x00000268       0x20 c:/altera/13.0sp1/nios2eds/bin/gnu/h-i686-mingw32/bin/../lib/gcc/nios2-elf/4.1.2/../../../../nios2-elf/lib/mno-hw-mul\libc.a(lib_a-writer.o)
 .debug_aranges
                0x00000288       0x20 c:/altera/13.0sp1/nios2eds/bin/gnu/h-i686-mingw32/bin/../lib/gcc/nios2-elf/4.1.2/../../../../nios2-elf/lib/mno-hw-mul\libc.a(lib_a-closer.o)
 .debug_aranges
                0x000002a8       0x20 c:/altera/13.0sp1/nios2eds/bin/gnu/h-i686-mingw32/bin/../lib/gcc/nios2-elf/4.1.2/../../../../nios2-elf/lib/mno-hw-mul\libc.a(lib_a-fclose.o)
 .debug_aranges
                0x000002c8       0x20 c:/altera/13.0sp1/nios2eds/bin/gnu/h-i686-mingw32/bin/../lib/gcc/nios2-elf/4.1.2/../../../../nios2-elf/lib/mno-hw-mul\libc.a(lib_a-fstatr.o)
 .debug_aranges
                0x000002e8       0x20 c:/altera/13.0sp1/nios2eds/bin/gnu/h-i686-mingw32/bin/../lib/gcc/nios2-elf/4.1.2/../../../../nios2-elf/lib/mno-hw-mul\libc.a(lib_a-isattyr.o)
 .debug_aranges
                0x00000308       0x20 c:/altera/13.0sp1/nios2eds/bin/gnu/h-i686-mingw32/bin/../lib/gcc/nios2-elf/4.1.2/../../../../nios2-elf/lib/mno-hw-mul\libc.a(lib_a-lseekr.o)
 .debug_aranges
                0x00000328       0x20 c:/altera/13.0sp1/nios2eds/bin/gnu/h-i686-mingw32/bin/../lib/gcc/nios2-elf/4.1.2/../../../../nios2-elf/lib/mno-hw-mul\libc.a(lib_a-readr.o)
 .debug_aranges
                0x00000348       0x20 c:/altera/13.0sp1/nios2eds/bin/gnu/h-i686-mingw32/bin/../lib/gcc/nios2-elf/4.1.2/mno-hw-mul\libgcc.a(lib2-mul.o)
 .debug_aranges
                0x00000368       0x20 ../ss_bsp/\libhal_bsp.a(alt_close.o)
 .debug_aranges
                0x00000388       0x20 ../ss_bsp/\libhal_bsp.a(alt_dev.o)
 .debug_aranges
                0x000003a8       0x20 ../ss_bsp/\libhal_bsp.a(alt_fstat.o)
 .debug_aranges
                0x000003c8       0x20 ../ss_bsp/\libhal_bsp.a(alt_isatty.o)
 .debug_aranges
                0x000003e8       0x20 ../ss_bsp/\libhal_bsp.a(alt_load.o)
 .debug_aranges
                0x00000408       0x20 ../ss_bsp/\libhal_bsp.a(alt_lseek.o)
 .debug_aranges
                0x00000428       0x20 ../ss_bsp/\libhal_bsp.a(alt_main.o)
 .debug_aranges
                0x00000448       0x20 ../ss_bsp/\libhal_bsp.a(alt_malloc_lock.o)
 .debug_aranges
                0x00000468       0x20 ../ss_bsp/\libhal_bsp.a(alt_read.o)
 .debug_aranges
                0x00000488       0x20 ../ss_bsp/\libhal_bsp.a(alt_release_fd.o)
 .debug_aranges
                0x000004a8       0x20 ../ss_bsp/\libhal_bsp.a(alt_sbrk.o)
 .debug_aranges
                0x000004c8       0x20 ../ss_bsp/\libhal_bsp.a(alt_write.o)
 .debug_aranges
                0x000004e8       0x20 ../ss_bsp/\libhal_bsp.a(alt_sys_init.o)
 .debug_aranges
                0x00000508       0x20 ../ss_bsp/\libhal_bsp.a(altera_avalon_dma.o)
 .debug_aranges
                0x00000528       0x20 ../ss_bsp/\libhal_bsp.a(altera_avalon_jtag_uart_fd.o)
 .debug_aranges
                0x00000548       0x20 ../ss_bsp/\libhal_bsp.a(altera_avalon_jtag_uart_init.o)
 .debug_aranges
                0x00000568       0x20 ../ss_bsp/\libhal_bsp.a(altera_avalon_jtag_uart_ioctl.o)
 .debug_aranges
                0x00000588       0x20 ../ss_bsp/\libhal_bsp.a(altera_avalon_jtag_uart_read.o)
 .debug_aranges
                0x000005a8       0x20 ../ss_bsp/\libhal_bsp.a(altera_avalon_jtag_uart_write.o)
 .debug_aranges
                0x000005c8       0x20 ../ss_bsp/\libhal_bsp.a(alt_alarm_start.o)
 .debug_aranges
                0x000005e8       0x20 ../ss_bsp/\libhal_bsp.a(alt_dcache_flush_all.o)
 .debug_aranges
                0x00000608       0x20 ../ss_bsp/\libhal_bsp.a(alt_dev_llist_insert.o)
 .debug_aranges
                0x00000628       0x20 ../ss_bsp/\libhal_bsp.a(alt_dma_rxchan_open.o)
 .debug_aranges
                0x00000648       0x20 ../ss_bsp/\libhal_bsp.a(alt_dma_txchan_open.o)
 .debug_aranges
                0x00000668       0x20 ../ss_bsp/\libhal_bsp.a(alt_do_ctors.o)
 .debug_aranges
                0x00000688       0x20 ../ss_bsp/\libhal_bsp.a(alt_do_dtors.o)
 .debug_aranges
                0x000006a8       0x20 ../ss_bsp/\libhal_bsp.a(alt_find_dev.o)
 .debug_aranges
                0x000006c8       0x20 ../ss_bsp/\libhal_bsp.a(alt_icache_flush_all.o)
 .debug_aranges
                0x000006e8       0x20 ../ss_bsp/\libhal_bsp.a(alt_iic.o)
 .debug_aranges
                0x00000708       0x20 ../ss_bsp/\libhal_bsp.a(alt_iic_isr_register.o)
 .debug_aranges
                0x00000728       0x20 ../ss_bsp/\libhal_bsp.a(alt_io_redirect.o)
 .debug_aranges
                0x00000748       0x30 ../ss_bsp/\libhal_bsp.a(alt_irq_entry.o)
 .debug_aranges
                0x00000778       0x28 ../ss_bsp/\libhal_bsp.a(alt_irq_handler.o)
 .debug_aranges
                0x000007a0       0x20 ../ss_bsp/\libhal_bsp.a(alt_open.o)
 .debug_aranges
                0x000007c0       0x20 ../ss_bsp/\libhal_bsp.a(alt_tick.o)
 .debug_aranges
                0x000007e0       0x20 ../ss_bsp/\libhal_bsp.a(altera_nios2_qsys_irq.o)
 .debug_aranges
                0x00000800       0x38 ../ss_bsp/\libhal_bsp.a(alt_exception_entry.o)
 .debug_aranges
                0x00000838       0x20 ../ss_bsp/\libhal_bsp.a(alt_find_file.o)
 .debug_aranges
                0x00000858       0x20 ../ss_bsp/\libhal_bsp.a(alt_get_fd.o)
 .debug_aranges
                0x00000878       0x20 c:/altera/13.0sp1/nios2eds/bin/gnu/h-i686-mingw32/bin/../lib/gcc/nios2-elf/4.1.2/../../../../nios2-elf/lib/mno-hw-mul\libc.a(lib_a-atexit.o)
 .debug_aranges
                0x00000898       0x20 c:/altera/13.0sp1/nios2eds/bin/gnu/h-i686-mingw32/bin/../lib/gcc/nios2-elf/4.1.2/../../../../nios2-elf/lib/mno-hw-mul\libc.a(lib_a-exit.o)
 .debug_aranges
                0x000008b8       0x20 c:/altera/13.0sp1/nios2eds/bin/gnu/h-i686-mingw32/bin/../lib/gcc/nios2-elf/4.1.2/../../../../nios2-elf/lib/mno-hw-mul\libc.a(lib_a-memcmp.o)
 .debug_aranges
                0x000008d8       0x20 c:/altera/13.0sp1/nios2eds/bin/gnu/h-i686-mingw32/bin/../lib/gcc/nios2-elf/4.1.2/../../../../nios2-elf/lib/mno-hw-mul\libc.a(lib_a-__atexit.o)
 .debug_aranges
                0x000008f8       0x20 c:/altera/13.0sp1/nios2eds/bin/gnu/h-i686-mingw32/bin/../lib/gcc/nios2-elf/4.1.2/../../../../nios2-elf/lib/mno-hw-mul\libc.a(lib_a-__call_atexit.o)
 .debug_aranges
                0x00000918       0x20 ../ss_bsp/\libhal_bsp.a(alt_exit.o)

.debug_pubnames
                0x00000000      0xee8
 *(.debug_pubnames)
 .debug_pubnames
                0x00000000       0x45 obj/default/hello_world.o
 .debug_pubnames
                0x00000045       0x27 c:/altera/13.0sp1/nios2eds/bin/gnu/h-i686-mingw32/bin/../lib/gcc/nios2-elf/4.1.2/../../../../nios2-elf/lib/mno-hw-mul\libc.a(lib_a-puts.o)
 .debug_pubnames
                0x0000006c       0x1d c:/altera/13.0sp1/nios2eds/bin/gnu/h-i686-mingw32/bin/../lib/gcc/nios2-elf/4.1.2/../../../../nios2-elf/lib/mno-hw-mul\libc.a(lib_a-strlen.o)
 .debug_pubnames
                0x00000089       0x23 c:/altera/13.0sp1/nios2eds/bin/gnu/h-i686-mingw32/bin/../lib/gcc/nios2-elf/4.1.2/../../../../nios2-elf/lib/mno-hw-mul\libc.a(lib_a-fvwrite.o)
 .debug_pubnames
                0x000000ac       0x39 c:/altera/13.0sp1/nios2eds/bin/gnu/h-i686-mingw32/bin/../lib/gcc/nios2-elf/4.1.2/../../../../nios2-elf/lib/mno-hw-mul\libc.a(lib_a-impure.o)
 .debug_pubnames
                0x000000e5       0xce c:/altera/13.0sp1/nios2eds/bin/gnu/h-i686-mingw32/bin/../lib/gcc/nios2-elf/4.1.2/../../../../nios2-elf/lib/mno-hw-mul\libc.a(lib_a-mallocr.o)
 .debug_pubnames
                0x000001b3       0x1d c:/altera/13.0sp1/nios2eds/bin/gnu/h-i686-mingw32/bin/../lib/gcc/nios2-elf/4.1.2/../../../../nios2-elf/lib/mno-hw-mul\libc.a(lib_a-memchr.o)
 .debug_pubnames
                0x000001d0       0x1d c:/altera/13.0sp1/nios2eds/bin/gnu/h-i686-mingw32/bin/../lib/gcc/nios2-elf/4.1.2/../../../../nios2-elf/lib/mno-hw-mul\libc.a(lib_a-memcpy.o)
 .debug_pubnames
                0x000001ed       0x1e c:/altera/13.0sp1/nios2eds/bin/gnu/h-i686-mingw32/bin/../lib/gcc/nios2-elf/4.1.2/../../../../nios2-elf/lib/mno-hw-mul\libc.a(lib_a-memmove.o)
 .debug_pubnames
                0x0000020b       0x21 c:/altera/13.0sp1/nios2eds/bin/gnu/h-i686-mingw32/bin/../lib/gcc/nios2-elf/4.1.2/../../../../nios2-elf/lib/mno-hw-mul\libc.a(lib_a-reallocr.o)
 .debug_pubnames
                0x0000022c       0x1e c:/altera/13.0sp1/nios2eds/bin/gnu/h-i686-mingw32/bin/../lib/gcc/nios2-elf/4.1.2/../../../../nios2-elf/lib/mno-hw-mul\libc.a(lib_a-sbrkr.o)
 .debug_pubnames
                0x0000024a       0x22 c:/altera/13.0sp1/nios2eds/bin/gnu/h-i686-mingw32/bin/../lib/gcc/nios2-elf/4.1.2/../../../../nios2-elf/lib/mno-hw-mul\libc.a(lib_a-wsetup.o)
 .debug_pubnames
                0x0000026c       0x2b c:/altera/13.0sp1/nios2eds/bin/gnu/h-i686-mingw32/bin/../lib/gcc/nios2-elf/4.1.2/../../../../nios2-elf/lib/mno-hw-mul\libc.a(lib_a-fflush.o)
 .debug_pubnames
                0x00000297       0xdb c:/altera/13.0sp1/nios2eds/bin/gnu/h-i686-mingw32/bin/../lib/gcc/nios2-elf/4.1.2/../../../../nios2-elf/lib/mno-hw-mul\libc.a(lib_a-findfp.o)
 .debug_pubnames
                0x00000372       0x31 c:/altera/13.0sp1/nios2eds/bin/gnu/h-i686-mingw32/bin/../lib/gcc/nios2-elf/4.1.2/../../../../nios2-elf/lib/mno-hw-mul\libc.a(lib_a-freer.o)
 .debug_pubnames
                0x000003a3       0x2e c:/altera/13.0sp1/nios2eds/bin/gnu/h-i686-mingw32/bin/../lib/gcc/nios2-elf/4.1.2/../../../../nios2-elf/lib/mno-hw-mul\libc.a(lib_a-fwalk.o)
 .debug_pubnames
                0x000003d1       0x1c c:/altera/13.0sp1/nios2eds/bin/gnu/h-i686-mingw32/bin/../lib/gcc/nios2-elf/4.1.2/../../../../nios2-elf/lib/mno-hw-mul\libc.a(lib_a-int_errno.o)
 .debug_pubnames
                0x000003ed       0x23 c:/altera/13.0sp1/nios2eds/bin/gnu/h-i686-mingw32/bin/../lib/gcc/nios2-elf/4.1.2/../../../../nios2-elf/lib/mno-hw-mul\libc.a(lib_a-makebuf.o)
 .debug_pubnames
                0x00000410       0x1d c:/altera/13.0sp1/nios2eds/bin/gnu/h-i686-mingw32/bin/../lib/gcc/nios2-elf/4.1.2/../../../../nios2-elf/lib/mno-hw-mul\libc.a(lib_a-memset.o)
 .debug_pubnames
                0x0000042d       0x44 c:/altera/13.0sp1/nios2eds/bin/gnu/h-i686-mingw32/bin/../lib/gcc/nios2-elf/4.1.2/../../../../nios2-elf/lib/mno-hw-mul\libc.a(lib_a-stdio.o)
 .debug_pubnames
                0x00000471       0x1f c:/altera/13.0sp1/nios2eds/bin/gnu/h-i686-mingw32/bin/../lib/gcc/nios2-elf/4.1.2/../../../../nios2-elf/lib/mno-hw-mul\libc.a(lib_a-writer.o)
 .debug_pubnames
                0x00000490       0x1f c:/altera/13.0sp1/nios2eds/bin/gnu/h-i686-mingw32/bin/../lib/gcc/nios2-elf/4.1.2/../../../../nios2-elf/lib/mno-hw-mul\libc.a(lib_a-closer.o)
 .debug_pubnames
                0x000004af       0x2b c:/altera/13.0sp1/nios2eds/bin/gnu/h-i686-mingw32/bin/../lib/gcc/nios2-elf/4.1.2/../../../../nios2-elf/lib/mno-hw-mul\libc.a(lib_a-fclose.o)
 .debug_pubnames
                0x000004da       0x1f c:/altera/13.0sp1/nios2eds/bin/gnu/h-i686-mingw32/bin/../lib/gcc/nios2-elf/4.1.2/../../../../nios2-elf/lib/mno-hw-mul\libc.a(lib_a-fstatr.o)
 .debug_pubnames
                0x000004f9       0x20 c:/altera/13.0sp1/nios2eds/bin/gnu/h-i686-mingw32/bin/../lib/gcc/nios2-elf/4.1.2/../../../../nios2-elf/lib/mno-hw-mul\libc.a(lib_a-isattyr.o)
 .debug_pubnames
                0x00000519       0x1f c:/altera/13.0sp1/nios2eds/bin/gnu/h-i686-mingw32/bin/../lib/gcc/nios2-elf/4.1.2/../../../../nios2-elf/lib/mno-hw-mul\libc.a(lib_a-lseekr.o)
 .debug_pubnames
                0x00000538       0x1e c:/altera/13.0sp1/nios2eds/bin/gnu/h-i686-mingw32/bin/../lib/gcc/nios2-elf/4.1.2/../../../../nios2-elf/lib/mno-hw-mul\libc.a(lib_a-readr.o)
 .debug_pubnames
                0x00000556       0x1f c:/altera/13.0sp1/nios2eds/bin/gnu/h-i686-mingw32/bin/../lib/gcc/nios2-elf/4.1.2/mno-hw-mul\libgcc.a(lib2-mul.o)
 .debug_pubnames
                0x00000575       0x1c ../ss_bsp/\libhal_bsp.a(alt_close.o)
 .debug_pubnames
                0x00000591       0x63 ../ss_bsp/\libhal_bsp.a(alt_dev.o)
 .debug_pubnames
                0x000005f4       0x20 ../ss_bsp/\libhal_bsp.a(alt_errno.o)
 .debug_pubnames
                0x00000614       0x1c ../ss_bsp/\libhal_bsp.a(alt_fstat.o)
 .debug_pubnames
                0x00000630       0x1d ../ss_bsp/\libhal_bsp.a(alt_isatty.o)
 .debug_pubnames
                0x0000064d       0x1f ../ss_bsp/\libhal_bsp.a(alt_load.o)
 .debug_pubnames
                0x0000066c       0x1c ../ss_bsp/\libhal_bsp.a(alt_lseek.o)
 .debug_pubnames
                0x00000688       0x46 ../ss_bsp/\libhal_bsp.a(alt_main.o)
 .debug_pubnames
                0x000006ce       0x38 ../ss_bsp/\libhal_bsp.a(alt_malloc_lock.o)
 .debug_pubnames
                0x00000706       0x1b ../ss_bsp/\libhal_bsp.a(alt_read.o)
 .debug_pubnames
                0x00000721       0x25 ../ss_bsp/\libhal_bsp.a(alt_release_fd.o)
 .debug_pubnames
                0x00000746       0x1b ../ss_bsp/\libhal_bsp.a(alt_sbrk.o)
 .debug_pubnames
                0x00000761       0x1c ../ss_bsp/\libhal_bsp.a(alt_write.o)
 .debug_pubnames
                0x0000077d       0x34 ../ss_bsp/\libhal_bsp.a(alt_sys_init.o)
 .debug_pubnames
                0x000007b1       0xce ../ss_bsp/\libhal_bsp.a(altera_avalon_dma.o)
 .debug_pubnames
                0x0000087f       0xa5 ../ss_bsp/\libhal_bsp.a(altera_avalon_jtag_uart_fd.o)
 .debug_pubnames
                0x00000924       0x55 ../ss_bsp/\libhal_bsp.a(altera_avalon_jtag_uart_init.o)
 .debug_pubnames
                0x00000979       0x34 ../ss_bsp/\libhal_bsp.a(altera_avalon_jtag_uart_ioctl.o)
 .debug_pubnames
                0x000009ad       0x33 ../ss_bsp/\libhal_bsp.a(altera_avalon_jtag_uart_read.o)
 .debug_pubnames
                0x000009e0       0x34 ../ss_bsp/\libhal_bsp.a(altera_avalon_jtag_uart_write.o)
 .debug_pubnames
                0x00000a14       0x52 ../ss_bsp/\libhal_bsp.a(altera_avalon_timer_vars.o)
 .debug_pubnames
                0x00000a66       0x26 ../ss_bsp/\libhal_bsp.a(alt_alarm_start.o)
 .debug_pubnames
                0x00000a8c       0x2b ../ss_bsp/\libhal_bsp.a(alt_dcache_flush_all.o)
 .debug_pubnames
                0x00000ab7       0x2b ../ss_bsp/\libhal_bsp.a(alt_dev_llist_insert.o)
 .debug_pubnames
                0x00000ae2       0x42 ../ss_bsp/\libhal_bsp.a(alt_dma_rxchan_open.o)
 .debug_pubnames
                0x00000b24       0x42 ../ss_bsp/\libhal_bsp.a(alt_dma_txchan_open.o)
 .debug_pubnames
                0x00000b66       0x20 ../ss_bsp/\libhal_bsp.a(alt_do_ctors.o)
 .debug_pubnames
                0x00000b86       0x20 ../ss_bsp/\libhal_bsp.a(alt_do_dtors.o)
 .debug_pubnames
                0x00000ba6       0x23 ../ss_bsp/\libhal_bsp.a(alt_find_dev.o)
 .debug_pubnames
                0x00000bc9       0x2b ../ss_bsp/\libhal_bsp.a(alt_icache_flush_all.o)
 .debug_pubnames
                0x00000bf4       0x6e ../ss_bsp/\libhal_bsp.a(alt_iic.o)
 .debug_pubnames
                0x00000c62       0x2b ../ss_bsp/\libhal_bsp.a(alt_iic_isr_register.o)
 .debug_pubnames
                0x00000c8d       0x26 ../ss_bsp/\libhal_bsp.a(alt_io_redirect.o)
 .debug_pubnames
                0x00000cb3       0x32 ../ss_bsp/\libhal_bsp.a(alt_irq_handler.o)
 .debug_pubnames
                0x00000ce5       0x3b ../ss_bsp/\libhal_bsp.a(alt_irq_vars.o)
 .debug_pubnames
                0x00000d20       0x1b ../ss_bsp/\libhal_bsp.a(alt_open.o)
 .debug_pubnames
                0x00000d3b       0x68 ../ss_bsp/\libhal_bsp.a(alt_tick.o)
 .debug_pubnames
                0x00000da3       0x31 ../ss_bsp/\libhal_bsp.a(altera_nios2_qsys_irq.o)
 .debug_pubnames
                0x00000dd4       0x24 ../ss_bsp/\libhal_bsp.a(alt_find_file.o)
 .debug_pubnames
                0x00000df8       0x21 ../ss_bsp/\libhal_bsp.a(alt_get_fd.o)
 .debug_pubnames
                0x00000e19       0x2a c:/altera/13.0sp1/nios2eds/bin/gnu/h-i686-mingw32/bin/../lib/gcc/nios2-elf/4.1.2/../../../../nios2-elf/lib/mno-hw-mul\libc.a(lib_a-atexit.o)
 .debug_pubnames
                0x00000e43       0x1b c:/altera/13.0sp1/nios2eds/bin/gnu/h-i686-mingw32/bin/../lib/gcc/nios2-elf/4.1.2/../../../../nios2-elf/lib/mno-hw-mul\libc.a(lib_a-exit.o)
 .debug_pubnames
                0x00000e5e       0x1d c:/altera/13.0sp1/nios2eds/bin/gnu/h-i686-mingw32/bin/../lib/gcc/nios2-elf/4.1.2/../../../../nios2-elf/lib/mno-hw-mul\libc.a(lib_a-memcmp.o)
 .debug_pubnames
                0x00000e7b       0x2a c:/altera/13.0sp1/nios2eds/bin/gnu/h-i686-mingw32/bin/../lib/gcc/nios2-elf/4.1.2/../../../../nios2-elf/lib/mno-hw-mul\libc.a(lib_a-__atexit.o)
 .debug_pubnames
                0x00000ea5       0x27 c:/altera/13.0sp1/nios2eds/bin/gnu/h-i686-mingw32/bin/../lib/gcc/nios2-elf/4.1.2/../../../../nios2-elf/lib/mno-hw-mul\libc.a(lib_a-__call_atexit.o)
 .debug_pubnames
                0x00000ecc       0x1c ../ss_bsp/\libhal_bsp.a(alt_exit.o)

.debug_info     0x00000000    0x1ab96
 *(.debug_info .gnu.linkonce.wi.*)
 .debug_info    0x00000000       0x56 ../ss_bsp//obj/HAL/src/crt0.o
 .debug_info    0x00000056      0x21d obj/default/hello_world.o
 .debug_info    0x00000273      0xa25 c:/altera/13.0sp1/nios2eds/bin/gnu/h-i686-mingw32/bin/../lib/gcc/nios2-elf/4.1.2/../../../../nios2-elf/lib/mno-hw-mul\libc.a(lib_a-puts.o)
 .debug_info    0x00000c98       0xdb c:/altera/13.0sp1/nios2eds/bin/gnu/h-i686-mingw32/bin/../lib/gcc/nios2-elf/4.1.2/../../../../nios2-elf/lib/mno-hw-mul\libc.a(lib_a-strlen.o)
 .debug_info    0x00000d73      0xa88 c:/altera/13.0sp1/nios2eds/bin/gnu/h-i686-mingw32/bin/../lib/gcc/nios2-elf/4.1.2/../../../../nios2-elf/lib/mno-hw-mul\libc.a(lib_a-fvwrite.o)
 .debug_info    0x000017fb      0x93d c:/altera/13.0sp1/nios2eds/bin/gnu/h-i686-mingw32/bin/../lib/gcc/nios2-elf/4.1.2/../../../../nios2-elf/lib/mno-hw-mul\libc.a(lib_a-impure.o)
 .debug_info    0x00002138      0xcd0 c:/altera/13.0sp1/nios2eds/bin/gnu/h-i686-mingw32/bin/../lib/gcc/nios2-elf/4.1.2/../../../../nios2-elf/lib/mno-hw-mul\libc.a(lib_a-mallocr.o)
 .debug_info    0x00002e08      0x138 c:/altera/13.0sp1/nios2eds/bin/gnu/h-i686-mingw32/bin/../lib/gcc/nios2-elf/4.1.2/../../../../nios2-elf/lib/mno-hw-mul\libc.a(lib_a-memchr.o)
 .debug_info    0x00002f40      0x106 c:/altera/13.0sp1/nios2eds/bin/gnu/h-i686-mingw32/bin/../lib/gcc/nios2-elf/4.1.2/../../../../nios2-elf/lib/mno-hw-mul\libc.a(lib_a-memcpy.o)
 .debug_info    0x00003046      0x13e c:/altera/13.0sp1/nios2eds/bin/gnu/h-i686-mingw32/bin/../lib/gcc/nios2-elf/4.1.2/../../../../nios2-elf/lib/mno-hw-mul\libc.a(lib_a-memmove.o)
 .debug_info    0x00003184      0xbd7 c:/altera/13.0sp1/nios2eds/bin/gnu/h-i686-mingw32/bin/../lib/gcc/nios2-elf/4.1.2/../../../../nios2-elf/lib/mno-hw-mul\libc.a(lib_a-reallocr.o)
 .debug_info    0x00003d5b      0x962 c:/altera/13.0sp1/nios2eds/bin/gnu/h-i686-mingw32/bin/../lib/gcc/nios2-elf/4.1.2/../../../../nios2-elf/lib/mno-hw-mul\libc.a(lib_a-sbrkr.o)
 .debug_info    0x000046bd      0x95d c:/altera/13.0sp1/nios2eds/bin/gnu/h-i686-mingw32/bin/../lib/gcc/nios2-elf/4.1.2/../../../../nios2-elf/lib/mno-hw-mul\libc.a(lib_a-wsetup.o)
 .debug_info    0x0000501a      0x9fe c:/altera/13.0sp1/nios2eds/bin/gnu/h-i686-mingw32/bin/../lib/gcc/nios2-elf/4.1.2/../../../../nios2-elf/lib/mno-hw-mul\libc.a(lib_a-fflush.o)
 .debug_info    0x00005a18      0xb72 c:/altera/13.0sp1/nios2eds/bin/gnu/h-i686-mingw32/bin/../lib/gcc/nios2-elf/4.1.2/../../../../nios2-elf/lib/mno-hw-mul\libc.a(lib_a-findfp.o)
 .debug_info    0x0000658a      0xbc9 c:/altera/13.0sp1/nios2eds/bin/gnu/h-i686-mingw32/bin/../lib/gcc/nios2-elf/4.1.2/../../../../nios2-elf/lib/mno-hw-mul\libc.a(lib_a-freer.o)
 .debug_info    0x00007153      0xaed c:/altera/13.0sp1/nios2eds/bin/gnu/h-i686-mingw32/bin/../lib/gcc/nios2-elf/4.1.2/../../../../nios2-elf/lib/mno-hw-mul\libc.a(lib_a-fwalk.o)
 .debug_info    0x00007c40       0x8c c:/altera/13.0sp1/nios2eds/bin/gnu/h-i686-mingw32/bin/../lib/gcc/nios2-elf/4.1.2/../../../../nios2-elf/lib/mno-hw-mul\libc.a(lib_a-int_errno.o)
 .debug_info    0x00007ccc      0xb1a c:/altera/13.0sp1/nios2eds/bin/gnu/h-i686-mingw32/bin/../lib/gcc/nios2-elf/4.1.2/../../../../nios2-elf/lib/mno-hw-mul\libc.a(lib_a-makebuf.o)
 .debug_info    0x000087e6      0x113 c:/altera/13.0sp1/nios2eds/bin/gnu/h-i686-mingw32/bin/../lib/gcc/nios2-elf/4.1.2/../../../../nios2-elf/lib/mno-hw-mul\libc.a(lib_a-memset.o)
 .debug_info    0x000088f9      0xaac c:/altera/13.0sp1/nios2eds/bin/gnu/h-i686-mingw32/bin/../lib/gcc/nios2-elf/4.1.2/../../../../nios2-elf/lib/mno-hw-mul\libc.a(lib_a-stdio.o)
 .debug_info    0x000093a5      0x993 c:/altera/13.0sp1/nios2eds/bin/gnu/h-i686-mingw32/bin/../lib/gcc/nios2-elf/4.1.2/../../../../nios2-elf/lib/mno-hw-mul\libc.a(lib_a-writer.o)
 .debug_info    0x00009d38      0x958 c:/altera/13.0sp1/nios2eds/bin/gnu/h-i686-mingw32/bin/../lib/gcc/nios2-elf/4.1.2/../../../../nios2-elf/lib/mno-hw-mul\libc.a(lib_a-closer.o)
 .debug_info    0x0000a690      0x994 c:/altera/13.0sp1/nios2eds/bin/gnu/h-i686-mingw32/bin/../lib/gcc/nios2-elf/4.1.2/../../../../nios2-elf/lib/mno-hw-mul\libc.a(lib_a-fclose.o)
 .debug_info    0x0000b024      0xafc c:/altera/13.0sp1/nios2eds/bin/gnu/h-i686-mingw32/bin/../lib/gcc/nios2-elf/4.1.2/../../../../nios2-elf/lib/mno-hw-mul\libc.a(lib_a-fstatr.o)
 .debug_info    0x0000bb20      0x958 c:/altera/13.0sp1/nios2eds/bin/gnu/h-i686-mingw32/bin/../lib/gcc/nios2-elf/4.1.2/../../../../nios2-elf/lib/mno-hw-mul\libc.a(lib_a-isattyr.o)
 .debug_info    0x0000c478      0x981 c:/altera/13.0sp1/nios2eds/bin/gnu/h-i686-mingw32/bin/../lib/gcc/nios2-elf/4.1.2/../../../../nios2-elf/lib/mno-hw-mul\libc.a(lib_a-lseekr.o)
 .debug_info    0x0000cdf9      0x98c c:/altera/13.0sp1/nios2eds/bin/gnu/h-i686-mingw32/bin/../lib/gcc/nios2-elf/4.1.2/../../../../nios2-elf/lib/mno-hw-mul\libc.a(lib_a-readr.o)
 .debug_info    0x0000d785       0xf3 c:/altera/13.0sp1/nios2eds/bin/gnu/h-i686-mingw32/bin/../lib/gcc/nios2-elf/4.1.2/mno-hw-mul\libgcc.a(lib2-mul.o)
 .debug_info    0x0000d878      0x442 ../ss_bsp/\libhal_bsp.a(alt_close.o)
 .debug_info    0x0000dcba      0x65a ../ss_bsp/\libhal_bsp.a(alt_dev.o)
 .debug_info    0x0000e314      0x13f ../ss_bsp/\libhal_bsp.a(alt_errno.o)
 .debug_info    0x0000e453      0x63b ../ss_bsp/\libhal_bsp.a(alt_fstat.o)
 .debug_info    0x0000ea8e      0x641 ../ss_bsp/\libhal_bsp.a(alt_isatty.o)
 .debug_info    0x0000f0cf      0x268 ../ss_bsp/\libhal_bsp.a(alt_load.o)
 .debug_info    0x0000f337      0x475 ../ss_bsp/\libhal_bsp.a(alt_lseek.o)
 .debug_info    0x0000f7ac      0x200 ../ss_bsp/\libhal_bsp.a(alt_main.o)
 .debug_info    0x0000f9ac      0xbf3 ../ss_bsp/\libhal_bsp.a(alt_malloc_lock.o)
 .debug_info    0x0001059f      0x665 ../ss_bsp/\libhal_bsp.a(alt_read.o)
 .debug_info    0x00010c04      0x3cd ../ss_bsp/\libhal_bsp.a(alt_release_fd.o)
 .debug_info    0x00010fd1      0x292 ../ss_bsp/\libhal_bsp.a(alt_sbrk.o)
 .debug_info    0x00011263      0x66e ../ss_bsp/\libhal_bsp.a(alt_write.o)
 .debug_info    0x000118d1      0xc3c ../ss_bsp/\libhal_bsp.a(alt_sys_init.o)
 .debug_info    0x0001250d      0xd80 ../ss_bsp/\libhal_bsp.a(altera_avalon_dma.o)
 .debug_info    0x0001328d      0x7b4 ../ss_bsp/\libhal_bsp.a(altera_avalon_jtag_uart_fd.o)
 .debug_info    0x00013a41      0x5dc ../ss_bsp/\libhal_bsp.a(altera_avalon_jtag_uart_init.o)
 .debug_info    0x0001401d      0x41e ../ss_bsp/\libhal_bsp.a(altera_avalon_jtag_uart_ioctl.o)
 .debug_info    0x0001443b      0x521 ../ss_bsp/\libhal_bsp.a(altera_avalon_jtag_uart_read.o)
 .debug_info    0x0001495c      0x519 ../ss_bsp/\libhal_bsp.a(altera_avalon_jtag_uart_write.o)
 .debug_info    0x00014e75      0x1e2 ../ss_bsp/\libhal_bsp.a(altera_avalon_timer_vars.o)
 .debug_info    0x00015057      0x41d ../ss_bsp/\libhal_bsp.a(alt_alarm_start.o)
 .debug_info    0x00015474      0x137 ../ss_bsp/\libhal_bsp.a(alt_dcache_flush_all.o)
 .debug_info    0x000155ab      0x292 ../ss_bsp/\libhal_bsp.a(alt_dev_llist_insert.o)
 .debug_info    0x0001583d      0x38c ../ss_bsp/\libhal_bsp.a(alt_dma_rxchan_open.o)
 .debug_info    0x00015bc9      0x3a6 ../ss_bsp/\libhal_bsp.a(alt_dma_txchan_open.o)
 .debug_info    0x00015f6f       0xea ../ss_bsp/\libhal_bsp.a(alt_do_ctors.o)
 .debug_info    0x00016059       0xe9 ../ss_bsp/\libhal_bsp.a(alt_do_dtors.o)
 .debug_info    0x00016142      0x3f3 ../ss_bsp/\libhal_bsp.a(alt_find_dev.o)
 .debug_info    0x00016535      0x137 ../ss_bsp/\libhal_bsp.a(alt_icache_flush_all.o)
 .debug_info    0x0001666c      0x46e ../ss_bsp/\libhal_bsp.a(alt_iic.o)
 .debug_info    0x00016ada      0x2ef ../ss_bsp/\libhal_bsp.a(alt_iic_isr_register.o)
 .debug_info    0x00016dc9      0x670 ../ss_bsp/\libhal_bsp.a(alt_io_redirect.o)
 .debug_info    0x00017439       0x5f ../ss_bsp/\libhal_bsp.a(alt_irq_entry.o)
 .debug_info    0x00017498      0x250 ../ss_bsp/\libhal_bsp.a(alt_irq_handler.o)
 .debug_info    0x000176e8      0x142 ../ss_bsp/\libhal_bsp.a(alt_irq_vars.o)
 .debug_info    0x0001782a      0x500 ../ss_bsp/\libhal_bsp.a(alt_open.o)
 .debug_info    0x00017d2a      0x3d9 ../ss_bsp/\libhal_bsp.a(alt_tick.o)
 .debug_info    0x00018103      0x13e ../ss_bsp/\libhal_bsp.a(altera_nios2_qsys_irq.o)
 .debug_info    0x00018241       0x65 ../ss_bsp/\libhal_bsp.a(alt_exception_entry.o)
 .debug_info    0x000182a6      0x3fa ../ss_bsp/\libhal_bsp.a(alt_find_file.o)
 .debug_info    0x000186a0      0x43b ../ss_bsp/\libhal_bsp.a(alt_get_fd.o)
 .debug_info    0x00018adb      0x181 c:/altera/13.0sp1/nios2eds/bin/gnu/h-i686-mingw32/bin/../lib/gcc/nios2-elf/4.1.2/../../../../nios2-elf/lib/mno-hw-mul\libc.a(lib_a-atexit.o)
 .debug_info    0x00018c5c      0x93f c:/altera/13.0sp1/nios2eds/bin/gnu/h-i686-mingw32/bin/../lib/gcc/nios2-elf/4.1.2/../../../../nios2-elf/lib/mno-hw-mul\libc.a(lib_a-exit.o)
 .debug_info    0x0001959b      0x115 c:/altera/13.0sp1/nios2eds/bin/gnu/h-i686-mingw32/bin/../lib/gcc/nios2-elf/4.1.2/../../../../nios2-elf/lib/mno-hw-mul\libc.a(lib_a-memcmp.o)
 .debug_info    0x000196b0      0x99c c:/altera/13.0sp1/nios2eds/bin/gnu/h-i686-mingw32/bin/../lib/gcc/nios2-elf/4.1.2/../../../../nios2-elf/lib/mno-hw-mul\libc.a(lib_a-__atexit.o)
 .debug_info    0x0001a04c      0x9e2 c:/altera/13.0sp1/nios2eds/bin/gnu/h-i686-mingw32/bin/../lib/gcc/nios2-elf/4.1.2/../../../../nios2-elf/lib/mno-hw-mul\libc.a(lib_a-__call_atexit.o)
 .debug_info    0x0001aa2e      0x168 ../ss_bsp/\libhal_bsp.a(alt_exit.o)

.debug_abbrev   0x00000000     0x52f9
 *(.debug_abbrev)
 .debug_abbrev  0x00000000       0x12 ../ss_bsp//obj/HAL/src/crt0.o
 .debug_abbrev  0x00000012       0x83 obj/default/hello_world.o
 .debug_abbrev  0x00000095      0x1ac c:/altera/13.0sp1/nios2eds/bin/gnu/h-i686-mingw32/bin/../lib/gcc/nios2-elf/4.1.2/../../../../nios2-elf/lib/mno-hw-mul\libc.a(lib_a-puts.o)
 .debug_abbrev  0x00000241       0x8b c:/altera/13.0sp1/nios2eds/bin/gnu/h-i686-mingw32/bin/../lib/gcc/nios2-elf/4.1.2/../../../../nios2-elf/lib/mno-hw-mul\libc.a(lib_a-strlen.o)
 .debug_abbrev  0x000002cc      0x1a3 c:/altera/13.0sp1/nios2eds/bin/gnu/h-i686-mingw32/bin/../lib/gcc/nios2-elf/4.1.2/../../../../nios2-elf/lib/mno-hw-mul\libc.a(lib_a-fvwrite.o)
 .debug_abbrev  0x0000046f      0x157 c:/altera/13.0sp1/nios2eds/bin/gnu/h-i686-mingw32/bin/../lib/gcc/nios2-elf/4.1.2/../../../../nios2-elf/lib/mno-hw-mul\libc.a(lib_a-impure.o)
 .debug_abbrev  0x000005c6      0x216 c:/altera/13.0sp1/nios2eds/bin/gnu/h-i686-mingw32/bin/../lib/gcc/nios2-elf/4.1.2/../../../../nios2-elf/lib/mno-hw-mul\libc.a(lib_a-mallocr.o)
 .debug_abbrev  0x000007dc       0xb5 c:/altera/13.0sp1/nios2eds/bin/gnu/h-i686-mingw32/bin/../lib/gcc/nios2-elf/4.1.2/../../../../nios2-elf/lib/mno-hw-mul\libc.a(lib_a-memchr.o)
 .debug_abbrev  0x00000891       0xb5 c:/altera/13.0sp1/nios2eds/bin/gnu/h-i686-mingw32/bin/../lib/gcc/nios2-elf/4.1.2/../../../../nios2-elf/lib/mno-hw-mul\libc.a(lib_a-memcpy.o)
 .debug_abbrev  0x00000946       0xb5 c:/altera/13.0sp1/nios2eds/bin/gnu/h-i686-mingw32/bin/../lib/gcc/nios2-elf/4.1.2/../../../../nios2-elf/lib/mno-hw-mul\libc.a(lib_a-memmove.o)
 .debug_abbrev  0x000009fb      0x1c3 c:/altera/13.0sp1/nios2eds/bin/gnu/h-i686-mingw32/bin/../lib/gcc/nios2-elf/4.1.2/../../../../nios2-elf/lib/mno-hw-mul\libc.a(lib_a-reallocr.o)
 .debug_abbrev  0x00000bbe      0x18c c:/altera/13.0sp1/nios2eds/bin/gnu/h-i686-mingw32/bin/../lib/gcc/nios2-elf/4.1.2/../../../../nios2-elf/lib/mno-hw-mul\libc.a(lib_a-sbrkr.o)
 .debug_abbrev  0x00000d4a      0x170 c:/altera/13.0sp1/nios2eds/bin/gnu/h-i686-mingw32/bin/../lib/gcc/nios2-elf/4.1.2/../../../../nios2-elf/lib/mno-hw-mul\libc.a(lib_a-wsetup.o)
 .debug_abbrev  0x00000eba      0x1c6 c:/altera/13.0sp1/nios2eds/bin/gnu/h-i686-mingw32/bin/../lib/gcc/nios2-elf/4.1.2/../../../../nios2-elf/lib/mno-hw-mul\libc.a(lib_a-fflush.o)
 .debug_abbrev  0x00001080      0x24c c:/altera/13.0sp1/nios2eds/bin/gnu/h-i686-mingw32/bin/../lib/gcc/nios2-elf/4.1.2/../../../../nios2-elf/lib/mno-hw-mul\libc.a(lib_a-findfp.o)
 .debug_abbrev  0x000012cc      0x1d9 c:/altera/13.0sp1/nios2eds/bin/gnu/h-i686-mingw32/bin/../lib/gcc/nios2-elf/4.1.2/../../../../nios2-elf/lib/mno-hw-mul\libc.a(lib_a-freer.o)
 .debug_abbrev  0x000014a5      0x1e3 c:/altera/13.0sp1/nios2eds/bin/gnu/h-i686-mingw32/bin/../lib/gcc/nios2-elf/4.1.2/../../../../nios2-elf/lib/mno-hw-mul\libc.a(lib_a-fwalk.o)
 .debug_abbrev  0x00001688       0x3b c:/altera/13.0sp1/nios2eds/bin/gnu/h-i686-mingw32/bin/../lib/gcc/nios2-elf/4.1.2/../../../../nios2-elf/lib/mno-hw-mul\libc.a(lib_a-int_errno.o)
 .debug_abbrev  0x000016c3      0x197 c:/altera/13.0sp1/nios2eds/bin/gnu/h-i686-mingw32/bin/../lib/gcc/nios2-elf/4.1.2/../../../../nios2-elf/lib/mno-hw-mul\libc.a(lib_a-makebuf.o)
 .debug_abbrev  0x0000185a       0xb8 c:/altera/13.0sp1/nios2eds/bin/gnu/h-i686-mingw32/bin/../lib/gcc/nios2-elf/4.1.2/../../../../nios2-elf/lib/mno-hw-mul\libc.a(lib_a-memset.o)
 .debug_abbrev  0x00001912      0x1c9 c:/altera/13.0sp1/nios2eds/bin/gnu/h-i686-mingw32/bin/../lib/gcc/nios2-elf/4.1.2/../../../../nios2-elf/lib/mno-hw-mul\libc.a(lib_a-stdio.o)
 .debug_abbrev  0x00001adb      0x184 c:/altera/13.0sp1/nios2eds/bin/gnu/h-i686-mingw32/bin/../lib/gcc/nios2-elf/4.1.2/../../../../nios2-elf/lib/mno-hw-mul\libc.a(lib_a-writer.o)
 .debug_abbrev  0x00001c5f      0x17f c:/altera/13.0sp1/nios2eds/bin/gnu/h-i686-mingw32/bin/../lib/gcc/nios2-elf/4.1.2/../../../../nios2-elf/lib/mno-hw-mul\libc.a(lib_a-closer.o)
 .debug_abbrev  0x00001dde      0x1a7 c:/altera/13.0sp1/nios2eds/bin/gnu/h-i686-mingw32/bin/../lib/gcc/nios2-elf/4.1.2/../../../../nios2-elf/lib/mno-hw-mul\libc.a(lib_a-fclose.o)
 .debug_abbrev  0x00001f85      0x18e c:/altera/13.0sp1/nios2eds/bin/gnu/h-i686-mingw32/bin/../lib/gcc/nios2-elf/4.1.2/../../../../nios2-elf/lib/mno-hw-mul\libc.a(lib_a-fstatr.o)
 .debug_abbrev  0x00002113      0x17f c:/altera/13.0sp1/nios2eds/bin/gnu/h-i686-mingw32/bin/../lib/gcc/nios2-elf/4.1.2/../../../../nios2-elf/lib/mno-hw-mul\libc.a(lib_a-isattyr.o)
 .debug_abbrev  0x00002292      0x18e c:/altera/13.0sp1/nios2eds/bin/gnu/h-i686-mingw32/bin/../lib/gcc/nios2-elf/4.1.2/../../../../nios2-elf/lib/mno-hw-mul\libc.a(lib_a-lseekr.o)
 .debug_abbrev  0x00002420      0x17f c:/altera/13.0sp1/nios2eds/bin/gnu/h-i686-mingw32/bin/../lib/gcc/nios2-elf/4.1.2/../../../../nios2-elf/lib/mno-hw-mul\libc.a(lib_a-readr.o)
 .debug_abbrev  0x0000259f       0x7b c:/altera/13.0sp1/nios2eds/bin/gnu/h-i686-mingw32/bin/../lib/gcc/nios2-elf/4.1.2/mno-hw-mul\libgcc.a(lib2-mul.o)
 .debug_abbrev  0x0000261a       0xfb ../ss_bsp/\libhal_bsp.a(alt_close.o)
 .debug_abbrev  0x00002715       0xc7 ../ss_bsp/\libhal_bsp.a(alt_dev.o)
 .debug_abbrev  0x000027dc       0x5e ../ss_bsp/\libhal_bsp.a(alt_errno.o)
 .debug_abbrev  0x0000283a       0xfb ../ss_bsp/\libhal_bsp.a(alt_fstat.o)
 .debug_abbrev  0x00002935       0xfb ../ss_bsp/\libhal_bsp.a(alt_isatty.o)
 .debug_abbrev  0x00002a30       0x88 ../ss_bsp/\libhal_bsp.a(alt_load.o)
 .debug_abbrev  0x00002ab8       0xfb ../ss_bsp/\libhal_bsp.a(alt_lseek.o)
 .debug_abbrev  0x00002bb3       0xb7 ../ss_bsp/\libhal_bsp.a(alt_main.o)
 .debug_abbrev  0x00002c6a      0x181 ../ss_bsp/\libhal_bsp.a(alt_malloc_lock.o)
 .debug_abbrev  0x00002deb       0xfb ../ss_bsp/\libhal_bsp.a(alt_read.o)
 .debug_abbrev  0x00002ee6       0xc1 ../ss_bsp/\libhal_bsp.a(alt_release_fd.o)
 .debug_abbrev  0x00002fa7      0x115 ../ss_bsp/\libhal_bsp.a(alt_sbrk.o)
 .debug_abbrev  0x000030bc      0x100 ../ss_bsp/\libhal_bsp.a(alt_write.o)
 .debug_abbrev  0x000031bc      0x161 ../ss_bsp/\libhal_bsp.a(alt_sys_init.o)
 .debug_abbrev  0x0000331d      0x242 ../ss_bsp/\libhal_bsp.a(altera_avalon_dma.o)
 .debug_abbrev  0x0000355f       0xf7 ../ss_bsp/\libhal_bsp.a(altera_avalon_jtag_uart_fd.o)
 .debug_abbrev  0x00003656      0x17c ../ss_bsp/\libhal_bsp.a(altera_avalon_jtag_uart_init.o)
 .debug_abbrev  0x000037d2       0xf0 ../ss_bsp/\libhal_bsp.a(altera_avalon_jtag_uart_ioctl.o)
 .debug_abbrev  0x000038c2      0x191 ../ss_bsp/\libhal_bsp.a(altera_avalon_jtag_uart_read.o)
 .debug_abbrev  0x00003a53      0x18d ../ss_bsp/\libhal_bsp.a(altera_avalon_jtag_uart_write.o)
 .debug_abbrev  0x00003be0       0x87 ../ss_bsp/\libhal_bsp.a(altera_avalon_timer_vars.o)
 .debug_abbrev  0x00003c67      0x172 ../ss_bsp/\libhal_bsp.a(alt_alarm_start.o)
 .debug_abbrev  0x00003dd9       0x3f ../ss_bsp/\libhal_bsp.a(alt_dcache_flush_all.o)
 .debug_abbrev  0x00003e18       0xf6 ../ss_bsp/\libhal_bsp.a(alt_dev_llist_insert.o)
 .debug_abbrev  0x00003f0e       0xfe ../ss_bsp/\libhal_bsp.a(alt_dma_rxchan_open.o)
 .debug_abbrev  0x0000400c      0x103 ../ss_bsp/\libhal_bsp.a(alt_dma_txchan_open.o)
 .debug_abbrev  0x0000410f       0x76 ../ss_bsp/\libhal_bsp.a(alt_do_ctors.o)
 .debug_abbrev  0x00004185       0x76 ../ss_bsp/\libhal_bsp.a(alt_do_dtors.o)
 .debug_abbrev  0x000041fb       0xcf ../ss_bsp/\libhal_bsp.a(alt_find_dev.o)
 .debug_abbrev  0x000042ca       0x3f ../ss_bsp/\libhal_bsp.a(alt_icache_flush_all.o)
 .debug_abbrev  0x00004309      0x134 ../ss_bsp/\libhal_bsp.a(alt_iic.o)
 .debug_abbrev  0x0000443d      0x14e ../ss_bsp/\libhal_bsp.a(alt_iic_isr_register.o)
 .debug_abbrev  0x0000458b       0xf0 ../ss_bsp/\libhal_bsp.a(alt_io_redirect.o)
 .debug_abbrev  0x0000467b       0x12 ../ss_bsp/\libhal_bsp.a(alt_irq_entry.o)
 .debug_abbrev  0x0000468d      0x10c ../ss_bsp/\libhal_bsp.a(alt_irq_handler.o)
 .debug_abbrev  0x00004799       0x44 ../ss_bsp/\libhal_bsp.a(alt_irq_vars.o)
 .debug_abbrev  0x000047dd      0x112 ../ss_bsp/\libhal_bsp.a(alt_open.o)
 .debug_abbrev  0x000048ef      0x150 ../ss_bsp/\libhal_bsp.a(alt_tick.o)
 .debug_abbrev  0x00004a3f       0x3f ../ss_bsp/\libhal_bsp.a(altera_nios2_qsys_irq.o)